Component: ARM Compiler 5.06 update 6 (build 750) Tool: armlink [4d35ed]

==============================================================================

Section Cross References

    main.o(i.main) refers to _printf_percent.o(.ARM.Collect$$_printf_percent$$00000000) for _printf_percent
    main.o(i.main) refers to _printf_d.o(.ARM.Collect$$_printf_percent$$00000009) for _printf_d
    main.o(i.main) refers to _printf_dec.o(.text) for _printf_int_dec
    main.o(i.main) refers to _printf_s.o(.ARM.Collect$$_printf_percent$$00000014) for _printf_s
    main.o(i.main) refers to _printf_str.o(.text) for _printf_str
    main.o(i.main) refers to _printf_x.o(.ARM.Collect$$_printf_percent$$0000000C) for _printf_x
    main.o(i.main) refers to _printf_hex_int.o(.text) for _printf_longlong_hex
    main.o(i.main) refers to rt_memclr_w.o(.text) for __aeabi_memclr4
    main.o(i.main) refers to stm32f4xx_hal.o(i.HAL_Init) for HAL_Init
    main.o(i.main) refers to sys.o(i.Stm32_Clock_Init) for Stm32_Clock_Init
    main.o(i.main) refers to delay.o(i.delay_init) for delay_init
    main.o(i.main) refers to usart.o(i.uart_init) for uart_init
    main.o(i.main) refers to led.o(i.LED_Init) for LED_Init
    main.o(i.main) refers to key.o(i.KEY_Init) for KEY_Init
    main.o(i.main) refers to lcd.o(i.LCD_Init) for LCD_Init
    main.o(i.main) refers to can.o(i.CAN1_Mode_Init) for CAN1_Mode_Init
    main.o(i.main) refers to can.o(i.CAN_Config) for CAN_Config
    main.o(i.main) refers to rt_memclr.o(.text) for __aeabi_memclr
    main.o(i.main) refers to noretval__2printf.o(.text) for __2printf
    main.o(i.main) refers to rt_memcpy_v6.o(.text) for __aeabi_memcpy
    main.o(i.main) refers to stm32f4xx_hal_uart.o(i.HAL_UART_Transmit) for HAL_UART_Transmit
    main.o(i.main) refers to motor_control.o(i.Motor_open_fanction_uart) for Motor_open_fanction_uart
    main.o(i.main) refers to delay.o(i.delay_ms) for delay_ms
    main.o(i.main) refers to usart.o(.data) for USART_RX_STA
    main.o(i.main) refers to usart.o(.bss) for USART_RX_BUF
    stm32f4xx_it.o(i.SysTick_Handler) refers to stm32f4xx_hal.o(i.HAL_IncTick) for HAL_IncTick
    system_stm32f4xx.o(i.SystemCoreClockUpdate) refers to system_stm32f4xx.o(.data) for .data
    system_stm32f4xx.o(i.SystemCoreClockUpdate) refers to system_stm32f4xx.o(.constdata) for .constdata
    startup_stm32f407xx.o(STACK) refers (Special) to heapauxi.o(.text) for __use_two_region_memory
    startup_stm32f407xx.o(HEAP) refers (Special) to heapauxi.o(.text) for __use_two_region_memory
    startup_stm32f407xx.o(RESET) refers (Special) to heapauxi.o(.text) for __use_two_region_memory
    startup_stm32f407xx.o(RESET) refers to startup_stm32f407xx.o(STACK) for __initial_sp
    startup_stm32f407xx.o(RESET) refers to startup_stm32f407xx.o(.text) for Reset_Handler
    startup_stm32f407xx.o(RESET) refers to stm32f4xx_it.o(i.NMI_Handler) for NMI_Handler
    startup_stm32f407xx.o(RESET) refers to stm32f4xx_it.o(i.HardFault_Handler) for HardFault_Handler
    startup_stm32f407xx.o(RESET) refers to stm32f4xx_it.o(i.MemManage_Handler) for MemManage_Handler
    startup_stm32f407xx.o(RESET) refers to stm32f4xx_it.o(i.BusFault_Handler) for BusFault_Handler
    startup_stm32f407xx.o(RESET) refers to stm32f4xx_it.o(i.UsageFault_Handler) for UsageFault_Handler
    startup_stm32f407xx.o(RESET) refers to stm32f4xx_it.o(i.SVC_Handler) for SVC_Handler
    startup_stm32f407xx.o(RESET) refers to stm32f4xx_it.o(i.DebugMon_Handler) for DebugMon_Handler
    startup_stm32f407xx.o(RESET) refers to stm32f4xx_it.o(i.PendSV_Handler) for PendSV_Handler
    startup_stm32f407xx.o(RESET) refers to stm32f4xx_it.o(i.SysTick_Handler) for SysTick_Handler
    startup_stm32f407xx.o(RESET) refers to usmart.o(i.TIM4_IRQHandler) for TIM4_IRQHandler
    startup_stm32f407xx.o(RESET) refers to usart.o(i.USART1_IRQHandler) for USART1_IRQHandler
    startup_stm32f407xx.o(.text) refers (Special) to heapauxi.o(.text) for __use_two_region_memory
    startup_stm32f407xx.o(.text) refers to system_stm32f4xx.o(i.SystemInit) for SystemInit
    startup_stm32f407xx.o(.text) refers to __main.o(!!!main) for __main
    startup_stm32f407xx.o(.text) refers to startup_stm32f407xx.o(HEAP) for Heap_Mem
    startup_stm32f407xx.o(.text) refers to startup_stm32f407xx.o(STACK) for Stack_Mem
    stm32f4xx_hal.o(i.HAL_DeInit) refers to stm32f4xx_hal_msp.o(i.HAL_MspDeInit) for HAL_MspDeInit
    stm32f4xx_hal.o(i.HAL_Delay) refers to stm32f4xx_hal.o(i.HAL_GetTick) for HAL_GetTick
    stm32f4xx_hal.o(i.HAL_Delay) refers to stm32f4xx_hal.o(.data) for .data
    stm32f4xx_hal.o(i.HAL_GetTick) refers to stm32f4xx_hal.o(.data) for .data
    stm32f4xx_hal.o(i.HAL_GetTickFreq) refers to stm32f4xx_hal.o(.data) for .data
    stm32f4xx_hal.o(i.HAL_GetTickPrio) refers to stm32f4xx_hal.o(.data) for .data
    stm32f4xx_hal.o(i.HAL_IncTick) refers to stm32f4xx_hal.o(.data) for .data
[...]
    .text                                    0x08000574   Section        0  _printf_hex_int.o(.text)
    .text                                    0x080005cc   Section        0  __printf_flags_ss_wp.o(.text)
    .text                                    0x08000754   Section      138  rt_memcpy_v6.o(.text)
    .text                                    0x080007de   Section      100  rt_memcpy_w.o(.text)
    .text                                    0x08000842   Section       68  rt_memclr.o(.text)
    .text                                    0x08000886   Section       78  rt_memclr_w.o(.text)
    .text                                    0x080008d4   Section        0  heapauxi.o(.text)
    .text                                    0x080008da   Section        2  use_no_semi.o(.text)
    .text                                    0x080008dc   Section      138  lludiv10.o(.text)
    .text                                    0x08000966   Section        0  _printf_intcommon.o(.text)
    .text                                    0x08000a18   Section        0  _printf_char.o(.text)
    .text                                    0x08000a44   Section        0  _printf_char_file.o(.text)
    .text                                    0x08000a68   Section        0  _printf_char_common.o(.text)
    _printf_input_char                       0x08000a69   Thumb Code    10  _printf_char_common.o(.text)
    .text                                    0x08000a98   Section        0  ferror.o(.text)
    .text                                    0x08000aa0   Section       74  sys_stackheap_outer.o(.text)
    .text                                    0x08000aea   Section        0  exit.o(.text)
    .text                                    0x08000afc   Section        8  libspace.o(.text)
    i.BusFault_Handler                       0x08000b04   Section        0  stm32f4xx_it.o(i.BusFault_Handler)
    i.CAN1_Mode_Init                         0x08000b08   Section        0  can.o(i.CAN1_Mode_Init)
    i.CAN1_Receive_Msg                       0x08000b58   Section        0  motor_control.o(i.CAN1_Receive_Msg)
    CAN1_Receive_Msg                         0x08000b59   Thumb Code    68  motor_control.o(i.CAN1_Receive_Msg)
    i.CAN_Config                             0x08000ba4   Section        0  can.o(i.CAN_Config)
    i.DebugMon_Handler                       0x08000c04   Section        0  stm32f4xx_it.o(i.DebugMon_Handler)
    i.Error_Handler                          0x08000c08   Section        0  motor_control.o(i.Error_Handler)
    i.FSMC_NORSRAM_Extended_Timing_Init      0x08000c34   Section        0  stm32f4xx_ll_fsmc.o(i.FSMC_NORSRAM_Extended_Timing_Init)
    i.FSMC_NORSRAM_Init                      0x08000c74   Section        0  stm32f4xx_ll_fsmc.o(i.FSMC_NORSRAM_Init)
    i.FSMC_NORSRAM_Timing_Init               0x08000cc8   Section        0  stm32f4xx_ll_fsmc.o(i.FSMC_NORSRAM_Timing_Init)
    i.HAL_CAN_ActivateNotification           0x08000d0c   Section        0  stm32f4xx_hal_can.o(i.HAL_CAN_ActivateNotification)
    i.HAL_CAN_AddTxMessage                   0x08000d30   Section        0  stm32f4xx_hal_can.o(i.HAL_CAN_AddTxMessage)
    i.HAL_CAN_ConfigFilter                   0x08000df8   Section        0  stm32f4xx_hal_can.o(i.HAL_CAN_ConfigFilter)
    i.HAL_CAN_GetRxFifoFillLevel             0x08000f04   Section        0  stm32f4xx_hal_can.o(i.HAL_CAN_GetRxFifoFillLevel)
    i.HAL_CAN_GetRxMessage                   0x08000f24   Section        0  stm32f4xx_hal_can.o(i.HAL_CAN_GetRxMessage)
    i.HAL_CAN_Init                           0x0800100c   Section        0  stm32f4xx_hal_can.o(i.HAL_CAN_Init)
    i.HAL_CAN_MspInit                        0x08001128   Section        0  can.o(i.HAL_CAN_MspInit)
    i.HAL_CAN_Start                          0x0800117c   Section        0  stm32f4xx_hal_can.o(i.HAL_CAN_Start)
    i.HAL_DMA_Abort_IT                       0x080011d2   Section        0  stm32f4xx_hal_dma.o(i.HAL_DMA_Abort_IT)
    i.HAL_GPIO_Init                          0x080011f8   Section        0  stm32f4xx_hal_gpio.o(i.HAL_GPIO_Init)
    i.HAL_GPIO_WritePin                      0x080013b8   Section        0  stm32f4xx_hal_gpio.o(i.HAL_GPIO_WritePin)
    i.HAL_GetREVID                           0x080013c4   Section        0  stm32f4xx_hal.o(i.HAL_GetREVID)
    i.HAL_GetTick                            0x080013d0   Section        0  stm32f4xx_hal.o(i.HAL_GetTick)
    i.HAL_IncTick                            0x080013dc   Section        0  stm32f4xx_hal.o(i.HAL_IncTick)
    i.HAL_Init                               0x080013ec   Section        0  stm32f4xx_hal.o(i.HAL_Init)
    i.HAL_InitTick                           0x08001418   Section        0  stm32f4xx_hal.o(i.HAL_InitTick)
    i.HAL_MspInit                            0x08001458   Section        0  stm32f4xx_hal_msp.o(i.HAL_MspInit)
    i.HAL_NVIC_EnableIRQ                     0x0800145a   Section        0  stm32f4xx_hal_cortex.o(i.HAL_NVIC_EnableIRQ)
    i.HAL_NVIC_SetPriority                   0x08001474   Section        0  stm32f4xx_hal_cortex.o(i.HAL_NVIC_SetPriority)
    i.HAL_NVIC_SetPriorityGrouping           0x080014b4   Section        0  stm32f4xx_hal_cortex.o(i.HAL_NVIC_SetPriorityGrouping)
    i.HAL_RCC_ClockConfig                    0x080014d8   Section        0  stm32f4xx_hal_rcc.o(i.HAL_RCC_ClockConfig)
    i.HAL_RCC_GetPCLK1Freq                   0x08001608   Section        0  stm32f4xx_hal_rcc.o(i.HAL_RCC_GetPCLK1Freq)
    i.HAL_RCC_GetPCLK2Freq                   0x08001628   Section        0  stm32f4xx_hal_rcc.o(i.HAL_RCC_GetPCLK2Freq)
    i.HAL_RCC_GetSysClockFreq                0x08001648   Section        0  stm32f4xx_hal_rcc.o(i.HAL_RCC_GetSysClockFreq)
    i.HAL_RCC_OscConfig                      0x080016a8   Section        0  stm32f4xx_hal_rcc.o(i.HAL_RCC_OscConfig)
    i.HAL_SRAM_Init                          0x080019bc   Section        0  stm32f4xx_hal_sram.o(i.HAL_SRAM_Init)
    i.HAL_SRAM_MspInit                       0x08001a14   Section        0  lcd.o(i.HAL_SRAM_MspInit)
    i.HAL_SYSTICK_CLKSourceConfig            0x08001acc   Section        0  stm32f4xx_hal_cortex.o(i.HAL_SYSTICK_CLKSourceConfig)
    i.HAL_SYSTICK_Config                     0x08001ae4   Section        0  stm32f4xx_hal_cortex.o(i.HAL_SYSTICK_Config)
    i.HAL_TIM_Base_Init                      0x08001b0c   Section        0  stm32f4xx_hal_tim.o(i.HAL_TIM_Base_Init)
    i.HAL_TIM_Base_MspInit                   0x08001b42   Section        0  stm32f4xx_hal_tim.o(i.HAL_TIM_Base_MspInit)
    i.HAL_TIM_Base_Start_IT                  0x08001b44   Section        0  stm32f4xx_hal_tim.o(i.HAL_TIM_Base_Start_IT)
    i.HAL_UART_ErrorCallback                 0x08001b66   Section        0  stm32f4xx_hal_uart.o(i.HAL_UART_ErrorCallback)
    i.HAL_UART_GetState                      0x08001b68   Section        0  stm32f4xx_hal_uart.o(i.HAL_UART_GetState)
    i.HAL_UART_IRQHandler                    0x08001b74   Section        0  stm32f4xx_hal_uart.o(i.HAL_UART_IRQHandler)
    i.HAL_UART_Init                          0x08001c84   Section        0  stm32f4xx_hal_uart.o(i.HAL_UART_Init)
    i.HAL_UART_MspInit                       0x08001ce8   Section        0  usart.o(i.HAL_UART_MspInit)
    i.HAL_UART_Receive_IT                    0x08001d64   Section        0  stm32f4xx_hal_uart.o(i.HAL_UART_Receive_IT)
    i.HAL_UART_RxCpltCallback                0x08001db8   Section        0  usart.o(i.HAL_UART_RxCpltCallback)
    i.HAL_UART_Transmit                      0x08001e10   Section        0  stm32f4xx_hal_uart.o(i.HAL_UART_Transmit)
    i.HAL_UART_TxCpltCallback                0x08001eca   Section        0  stm32f4xx_hal_uart.o(i.HAL_UART_TxCpltCallback)
    i.HardFault_Handler                      0x08001ecc   Section        0  stm32f4xx_it.o(i.HardFault_Handler)
    i.KEY_Init                               0x08001ed0   Section        0  key.o(i.KEY_Init)
    i.LCD_Clear                              0x08001f30   Section        0  lcd.o(i.LCD_Clear)
    i.LCD_Display_Dir                        0x08001f64   Section        0  lcd.o(i.LCD_Display_Dir)
    i.LCD_Init                               0x0800203c   Section        0  lcd.o(i.LCD_Init)
    i.LCD_RD_DATA                            0x080043dc   Section        0  lcd.o(i.LCD_RD_DATA)
    i.LCD_SSD_BackLightSet                   0x080043f0   Section        0  lcd.o(i.LCD_SSD_BackLightSet)
    i.LCD_Scan_Dir                           0x08004440   Section        0  lcd.o(i.LCD_Scan_Dir)
    i.LCD_SetCursor                          0x080045f8   Section        0  lcd.o(i.LCD_SetCursor)
    i.LCD_WR_DATA                            0x080046fc   Section        0  lcd.o(i.LCD_WR_DATA)
    i.LCD_WR_REG                             0x08004714   Section        0  lcd.o(i.LCD_WR_REG)
    i.LCD_WriteRAM_Prepare                   0x0800472c   Section        0  lcd.o(i.LCD_WriteRAM_Prepare)
    i.LCD_WriteReg                           0x08004740   Section        0  lcd.o(i.LCD_WriteReg)
    i.LED_Init                               0x0800474c   Section        0  led.o(i.LED_Init)
    i.MemManage_Handler                      0x0800479c   Section        0  stm32f4xx_it.o(i.MemManage_Handler)
    i.Motor_Stop                             0x080047a0   Section        0  motor_control.o(i.Motor_Stop)
    i.Motor_open_fanction_uart               0x08004890   Section        0  motor_control.o(i.Motor_open_fanction_uart)
    i.Multi_angleControl_2                   0x08004ad4   Section        0  motor_control.o(i.Multi_angleControl_2)
    i.NMI_Handler                            0x08004bd0   Section        0  stm32f4xx_it.o(i.NMI_Handler)
    i.PendSV_Handler                         0x08004bd2   Section        0  stm32f4xx_it.o(i.PendSV_Handler)
    i.Read_Encoder                           0x08004bd4   Section        0  motor_control.o(i.Read_Encoder)
    i.Read_PID                               0x08004cb0   Section        0  motor_control.o(i.Read_PID)
    i.SVC_Handler                            0x08004da4   Section        0  stm32f4xx_it.o(i.SVC_Handler)
    i.Stm32_Clock_Init                       0x08004da8   Section        0  sys.o(i.Stm32_Clock_Init)
    i.SysTick_Handler                        0x08004e3c   Section        0  stm32f4xx_it.o(i.SysTick_Handler)
    i.SystemInit                             0x08004e40   Section        0  system_stm32f4xx.o(i.SystemInit)
    i.TIM4_IRQHandler                        0x08004e94   Section        0  usmart.o(i.TIM4_IRQHandler)
    i.TIM_Base_SetConfig                     0x08004ec8   Section        0  stm32f4xx_hal_tim.o(i.TIM_Base_SetConfig)
    i.Timer4_Init                            0x08004f90   Section        0  usmart.o(i.Timer4_Init)
    i.UART_DMAAbortOnError                   0x08004fe4   Section        0  stm32f4xx_hal_uart.o(i.UART_DMAAbortOnError)
    UART_DMAAbortOnError                     0x08004fe5   Thumb Code    16  stm32f4xx_hal_uart.o(i.UART_DMAAbortOnError)
    i.UART_EndRxTransfer                     0x08004ff4   Section        0  stm32f4xx_hal_uart.o(i.UART_EndRxTransfer)
    UART_EndRxTransfer                       0x08004ff5   Thumb Code    28  stm32f4xx_hal_uart.o(i.UART_EndRxTransfer)
    i.UART_Receive_IT                        0x08005010   Section        0  stm32f4xx_hal_uart.o(i.UART_Receive_IT)
    UART_Receive_IT                          0x08005011   Thumb Code   150  stm32f4xx_hal_uart.o(i.UART_Receive_IT)
    i.UART_SetConfig                         0x080050a8   Section        0  stm32f4xx_hal_uart.o(i.UART_SetConfig)
    UART_SetConfig                           0x080050a9   Thumb Code   676  stm32f4xx_hal_uart.o(i.UART_SetConfig)
    i.UART_Transmit_IT                       0x08005354   Section        0  stm32f4xx_hal_uart.o(i.UART_Transmit_IT)
    UART_Transmit_IT                         0x08005355   Thumb Code    98  stm32f4xx_hal_uart.o(i.UART_Transmit_IT)
    i.UART_WaitOnFlagUntilTimeout            0x080053b6   Section        0  stm32f4xx_hal_uart.o(i.UART_WaitOnFlagUntilTimeout)
    UART_WaitOnFlagUntilTimeout              0x080053b7   Thumb Code    98  stm32f4xx_hal_uart.o(i.UART_WaitOnFlagUntilTimeout)
    i.USART1_IRQHandler                      0x08005418   Section        0  usart.o(i.USART1_IRQHandler)
    i.UsageFault_Handler                     0x08005444   Section        0  stm32f4xx_it.o(i.UsageFault_Handler)
    i.__NVIC_SetPriority                     0x08005446   Section        0  stm32f4xx_hal_cortex.o(i.__NVIC_SetPriority)
    __NVIC_SetPriority                       0x08005447   Thumb Code    32  stm32f4xx_hal_cortex.o(i.__NVIC_SetPriority)
    i._is_digit                              0x08005466   Section        0  __printf_wp.o(i._is_digit)
    i._sys_exit                              0x08005474   Section        0  usart.o(i._sys_exit)
    i.delay_init                             0x08005478   Section        0  delay.o(i.delay_init)
    i.delay_ms                               0x0800548c   Section        0  delay.o(i.delay_ms)
    i.delay_us                               0x080054a8   Section        0  delay.o(i.delay_us)
    i.fputc                                  0x080054dc   Section        0  usart.o(i.fputc)
    i.main                                   0x080054f0   Section        0  main.o(i.main)
    i.read_addr                              0x08005670   Section        0  usmart.o(i.read_addr)
    i.speedControl                           0x08005674   Section        0  motor_control.o(i.speedControl)
    i.uart_init                              0x0800576c   Section        0  usart.o(i.uart_init)
    i.usmart_cmd_rec                         0x080057a4   Section        0  usmart.o(i.usmart_cmd_rec)
    i.usmart_exe                             0x08005838   Section        0  usmart.o(i.usmart_exe)
    i.usmart_get_aparm                       0x08005a98   Section        0  usmart_str.o(i.usmart_get_aparm)
    i.usmart_get_cmdname                     0x08005b3c   Section        0  usmart_str.o(i.usmart_get_cmdname)
    i.usmart_get_fname                       0x08005b6c   Section        0  usmart_str.o(i.usmart_get_fname)
    i.usmart_get_fparam                      0x08005cd4   Section        0  usmart_str.o(i.usmart_get_fparam)
    i.usmart_get_parmpos                     0x08005da4   Section        0  usmart_str.o(i.usmart_get_parmpos)
    i.usmart_get_runtime                     0x08005dc8   Section        0  usmart.o(i.usmart_get_runtime)
    i.usmart_init                            0x08005df8   Section        0  usmart.o(i.usmart_init)
    i.usmart_pow                             0x08005e20   Section        0  usmart_str.o(i.usmart_pow)
    i.usmart_reset_runtime                   0x08005e30   Section        0  usmart.o(i.usmart_reset_runtime)
    i.usmart_scan                            0x08005e58   Section        0  usmart.o(i.usmart_scan)
    i.usmart_search_nextc                    0x08005efc   Section        0  usmart_str.o(i.usmart_search_nextc)
    i.usmart_str2num                         0x08005f0c   Section        0  usmart_str.o(i.usmart_str2num)
    i.usmart_strcmp                          0x08005fe2   Section        0  usmart_str.o(i.usmart_strcmp)
    i.usmart_strcopy                         0x08005ffa   Section        0  usmart_str.o(i.usmart_strcopy)
    i.usmart_strlen                          0x0800600c   Section        0  usmart_str.o(i.usmart_strlen)
    i.usmart_sys_cmd_exe                     0x08006020   Section        0  usmart.o(i.usmart_sys_cmd_exe)
    i.write_addr                             0x080066a0   Section        0  usmart.o(i.write_addr)
    x$fpl$dfixu                              0x080066a4   Section       90  dfixu.o(x$fpl$dfixu)
    $v0                                      0x080066a4   Number         0  dfixu.o(x$fpl$dfixu)
    x$fpl$dfltu                              0x080066fe   Section       38  dflt_clz.o(x$fpl$dfltu)
    $v0                                      0x080066fe   Number         0  dflt_clz.o(x$fpl$dfltu)
    x$fpl$dmul                               0x08006724   Section      340  dmul.o(x$fpl$dmul)
    $v0                                      0x08006724   Number         0  dmul.o(x$fpl$dmul)
    x$fpl$dnaninf                            0x08006878   Section      156  dnaninf.o(x$fpl$dnaninf)
    $v0                                      0x08006878   Number         0  dnaninf.o(x$fpl$dnaninf)
    x$fpl$dretinf                            0x08006914   Section       12  dretinf.o(x$fpl$dretinf)
    $v0                                      0x08006914   Number         0  dretinf.o(x$fpl$dretinf)
    x$fpl$fpinit                             0x08006920   Section       10  fpinit.o(x$fpl$fpinit)
    $v0                                      0x08006920   Number         0  fpinit.o(x$fpl$fpinit)
    .constdata                               0x0800692a   Section       16  system_stm32f4xx.o(.constdata)
    x$fpl$usenofp                            0x0800692a   Section        0  usenofp.o(x$fpl$usenofp)
    .constdata                               0x0800693a   Section        8  system_stm32f4xx.o(.constdata)
    .constdata                               0x08006942   Section       40  _printf_hex_int.o(.constdata)
    uc_hextab                                0x08006942   Data          20  _printf_hex_int.o(.constdata)
    lc_hextab                                0x08006956   Data          20  _printf_hex_int.o(.constdata)
    .constdata                               0x0800696a   Section       17  __printf_flags_ss_wp.o(.constdata)
    maptable                                 0x0800696a   Data          17  __printf_flags_ss_wp.o(.constdata)
    .conststring                             0x0800697c   Section      393  motor_control.o(.conststring)
    .conststring                             0x08006b08   Section       40  usmart.o(.conststring)
    .conststring                             0x08006b30   Section      107  usmart_config.o(.conststring)
    .data                                    0x20000000   Section        4  system_stm32f4xx.o(.data)
    .data                                    0x20000004   Section       12  stm32f4xx_hal.o(.data)
    .data                                    0x20000010   Section        4  delay.o(.data)
    fac_us                                   0x20000010   Data           4  delay.o(.data)
    .data                                    0x20000014   Section        4  usart.o(.data)
    .data                                    0x20000018   Section        4  usart.o(.data)
    .data                                    0x2000001c   Section       20  motor_control.o(.data)
    std_id                                   0x2000001c   Data           4  motor_control.o(.data)
    uart_get_pid                             0x20000024   Data           6  motor_control.o(.data)
    uart_get_encoder                         0x2000002a   Data           6  motor_control.o(.data)
    .data                                    0x20000030   Section       28  usmart.o(.data)
    .data                                    0x2000004c   Section       32  usmart_config.o(.data)
    .data                                    0x2000006c   Section      244  usmart_config.o(.data)
    .bss                                     0x20000160   Section      264  usart.o(.bss)
    .bss                                     0x20000268   Section       94  lcd.o(.bss)
    .bss                                     0x200002c8   Section       64  can.o(.bss)
    .bss                                     0x20000308   Section       52  motor_control.o(.bss)
    .bss                                     0x2000033c   Section       64  usmart.o(.bss)
    .bss                                     0x2000037c   Section       96  libspace.o(.bss)
    HEAP                                     0x200003e0   Section      512  startup_stm32f407xx.o(HEAP)
    Heap_Mem                                 0x200003e0   Data         512  startup_stm32f407xx.o(HEAP)
    STACK                                    0x200005e0   Section     1024  startup_stm32f407xx.o(STACK)
    Stack_Mem                                0x200005e0   Data        1024  startup_stm32f407xx.o(STACK)
    __initial_sp                             0x200009e0   Data           0  startup_stm32f407xx.o(STACK)

    Global Symbols

    Symbol Name                              Value     Ov Type        Size  Object(Section)

    BuildAttributes$$THM_ISAv4$E$P$D$K$B$S$7EM$VFPi3$EXTD16$VFPS$VFMA$PE$A:L22UL41UL21$X:L11$S22US41US21$IEEE1$IW$USESV6$~STKCKD$USESV7$~SHL$OSPACE$ROPI$EBA8$UX$STANDARDLIB$REQ8$PRES8$EABIv2 0x00000000   Number         0  anon$$obj.o ABSOLUTE
    __ARM_use_no_argv                        0x00000000   Number         0  main.o ABSOLUTE
    _printf_flags                            0x00000000   Number         0  printf_stubs.o ABSOLUTE
    _printf_return_value                     0x00000000   Number         0  printf_stubs.o ABSOLUTE
    _printf_sizespec                         0x00000000   Number         0  printf_stubs.o ABSOLUTE
    _printf_widthprec                        0x00000000   Number         0  printf_stubs.o ABSOLUTE
    __ARM_exceptions_init                     - Undefined Weak Reference
    __alloca_initialize                       - Undefined Weak Reference
    __arm_preinit_                            - Undefined Weak Reference
    __cpp_initialize__aeabi_                  - Undefined Weak Reference
    __cxa_finalize                            - Undefined Weak Reference
    __rt_locale                               - Undefined Weak Reference
    __sigvec_lookup                           - Undefined Weak Reference
    _atexit_init                              - Undefined Weak Reference
    _call_atexit_fns                          - Undefined Weak Reference
    _clock_init                               - Undefined Weak Reference
    _fp_trap_init                             - Undefined Weak Reference
    _fp_trap_shutdown                         - Undefined Weak Reference
    _get_lc_collate                           - Undefined Weak Reference
    _get_lc_ctype                             - Undefined Weak Reference
    _get_lc_monetary                          - Undefined Weak Reference
    _get_lc_numeric                           - Undefined Weak Reference
    _get_lc_time                              - Undefined Weak Reference
    _getenv_init                              - Undefined Weak Reference
    _handle_redirection                       - Undefined Weak Reference
    _init_alloc                               - Undefined Weak Reference
    _init_user_alloc                          - Undefined Weak Reference
    _initio                                   - Undefined Weak Reference
    _mutex_acquire                            - Undefined Weak Reference
    _mutex_release                            - Undefined Weak Reference
    _printf_mbtowc                            - Undefined Weak Reference
    _printf_truncate_signed                   - Undefined Weak Reference
    _printf_truncate_unsigned                 - Undefined Weak Reference
    _rand_init                                - Undefined Weak Reference
    _signal_finish                            - Undefined Weak Reference
    _signal_init                              - Undefined Weak Reference
    _terminate_alloc                          - Undefined Weak Reference
    _terminate_user_alloc                     - Undefined Weak Reference
    _terminateio                              - Undefined Weak Reference
    __Vectors_Size                           0x00000188   Number         0  startup_stm32f407xx.o ABSOLUTE
    __Vectors                                0x08000000   Data           4  startup_stm32f407xx.o(RESET)
    __Vectors_End                            0x08000188   Data           0  startup_stm32f407xx.o(RESET)
    __main                                   0x08000189   Thumb Code     8  __main.o(!!!main)
    __scatterload                            0x08000191   Thumb Code     0  __scatter.o(!!!scatter)
    __scatterload_rt2                        0x08000191   Thumb Code    44  __scatter.o(!!!scatter)
    __scatterload_rt2_thumb_only             0x08000191   Thumb Code     0  __scatter.o(!!!scatter)
    __scatterload_null                       0x0800019f   Thumb Code     0  __scatter.o(!!!scatter)
    __decompress                             0x080001c5   Thumb Code    90  __dczerorl2.o(!!dczerorl2)
    __decompress1                            0x080001c5   Thumb Code     0  __dczerorl2.o(!!dczerorl2)
    __scatterload_zeroinit                   0x08000221   Thumb Code    28  __scatter_zi.o(!!handler_zi)
    _printf_ll                               0x0800023d   Thumb Code     0  _printf_ll.o(.ARM.Collect$$_printf_percent$$00000007)
    _printf_percent                          0x0800023d   Thumb Code     0  _printf_percent.o(.ARM.Collect$$_printf_percent$$00000000)
    _printf_d                                0x08000247   Thumb Code     0  _printf_d.o(.ARM.Collect$$_printf_percent$$00000009)
    _printf_u                                0x0800024d   Thumb Code     0  _printf_u.o(.ARM.Collect$$_printf_percent$$0000000A)
    _printf_x                                0x08000253   Thumb Code     0  _printf_x.o(.ARM.Collect$$_printf_percent$$0000000C)
    _printf_lld                              0x08000259   Thumb Code     0  _printf_lld.o(.ARM.Collect$$_printf_percent$$0000000E)
    _printf_c                                0x0800025f   Thumb Code     0  _printf_c.o(.ARM.Collect$$_printf_percent$$00000013)
    _printf_s                                0x08000265   Thumb Code     0  _printf_s.o(.ARM.Collect$$_printf_percent$$00000014)
    _printf_percent_end                      0x0800026b   Thumb Code     0  _printf_percent_end.o(.ARM.Collect$$_printf_percent$$00000017)
    __rt_lib_init                            0x0800026f   Thumb Code     0  libinit.o(.ARM.Collect$$libinit$$00000000)
    __rt_lib_init_fp_1                       0x08000271   Thumb Code     0  libinit2.o(.ARM.Collect$$libinit$$00000001)
    __rt_lib_init_alloca_1                   0x08000275   Thumb Code     0  libinit2.o(.ARM.Collect$$libinit$$0000002E)
    __rt_lib_init_argv_1                     0x08000275   Thumb Code     0  libinit2.o(.ARM.Collect$$libinit$$0000002C)
    __rt_lib_init_atexit_1                   0x08000275   Thumb Code     0  libinit2.o(.ARM.Collect$$libinit$$0000001B)
    __rt_lib_init_clock_1                    0x08000275   Thumb Code     0  libinit2.o(.ARM.Collect$$libinit$$00000021)
    __rt_lib_init_cpp_1                      0x08000275   Thumb Code     0  libinit2.o(.ARM.Collect$$libinit$$00000032)
    __rt_lib_init_exceptions_1               0x08000275   Thumb Code     0  libinit2.o(.ARM.Collect$$libinit$$00000030)
    __rt_lib_init_fp_trap_1                  0x08000275   Thumb Code     0  libinit2.o(.ARM.Collect$$libinit$$0000001F)
    __rt_lib_init_getenv_1                   0x08000275   Thumb Code     0  libinit2.o(.ARM.Collect$$libinit$$00000023)
    __rt_lib_init_heap_1                     0x08000275   Thumb Code     0  libinit2.o(.ARM.Collect$$libinit$$0000000A)
    __rt_lib_init_lc_collate_1               0x08000275   Thumb Code     0  libinit2.o(.ARM.Collect$$libinit$$00000011)
    __rt_lib_init_lc_ctype_1                 0x08000275   Thumb Code     0  libinit2.o(.ARM.Collect$$libinit$$00000013)
    __rt_lib_init_lc_monetary_1              0x08000275   Thumb Code     0  libinit2.o(.ARM.Collect$$libinit$$00000015)
    __rt_lib_init_lc_numeric_1               0x08000275   Thumb Code     0  libinit2.o(.ARM.Collect$$libinit$$00000017)
    __rt_lib_init_lc_time_1                  0x08000275   Thumb Code     0  libinit2.o(.ARM.Collect$$libinit$$00000019)
    __rt_lib_init_preinit_1                  0x08000275   Thumb Code     0  libinit2.o(.ARM.Collect$$libinit$$00000004)
    __rt_lib_init_rand_1                     0x08000275   Thumb Code     0  libinit2.o(.ARM.Collect$$libinit$$0000000E)
    __rt_lib_init_return                     0x08000275   Thumb Code     0  libinit2.o(.ARM.Collect$$libinit$$00000033)
    __rt_lib_init_signal_1                   0x08000275   Thumb Code     0  libinit2.o(.ARM.Collect$$libinit$$0000001D)
    __rt_lib_init_stdio_1                    0x08000275   Thumb Code     0  libinit2.o(.ARM.Collect$$libinit$$00000025)
    __rt_lib_init_user_alloc_1               0x08000275   Thumb Code     0  libinit2.o(.ARM.Collect$$libinit$$0000000C)
    __rt_lib_shutdown                        0x08000277   Thumb Code     0  libshutdown.o(.ARM.Collect$$libshutdown$$00000000)
    __rt_lib_shutdown_cpp_1                  0x08000279   Thumb Code     0  libshutdown2.o(.ARM.Collect$$libshutdown$$00000002)
    __rt_lib_shutdown_fp_trap_1              0x08000279   Thumb Code     0  libshutdown2.o(.ARM.Collect$$libshutdown$$00000007)
    __rt_lib_shutdown_heap_1                 0x08000279   Thumb Code     0  libshutdown2.o(.ARM.Collect$$libshutdown$$0000000F)
    __rt_lib_shutdown_return                 0x08000279   Thumb Code     0  libshutdown2.o(.ARM.Collect$$libshutdown$$00000010)
    __rt_lib_shutdown_signal_1               0x08000279   Thumb Code     0  libshutdown2.o(.ARM.Collect$$libshutdown$$0000000A)
    __rt_lib_shutdown_stdio_1                0x08000279   Thumb Code     0  libshutdown2.o(.ARM.Collect$$libshutdown$$00000004)
    __rt_lib_shutdown_user_alloc_1           0x08000279   Thumb Code     0  libshutdown2.o(.ARM.Collect$$libshutdown$$0000000C)
    __rt_entry                               0x0800027b   Thumb Code     0  __rtentry.o(.ARM.Collect$$rtentry$$00000000)
    __rt_entry_presh_1                       0x0800027b   Thumb Code     0  __rtentry2.o(.ARM.Collect$$rtentry$$00000002)
    __rt_entry_sh                            0x0800027b   Thumb Code     0  __rtentry4.o(.ARM.Collect$$rtentry$$00000004)
    __rt_entry_li                            0x08000281   Thumb Code     0  __rtentry2.o(.ARM.Collect$$rtentry$$0000000A)
    __rt_entry_postsh_1                      0x08000281   Thumb Code     0  __rtentry2.o(.ARM.Collect$$rtentry$$00000009)
    __rt_entry_main                          0x08000285   Thumb Code     0  __rtentry2.o(.ARM.Collect$$rtentry$$0000000D)
    __rt_entry_postli_1                      0x08000285   Thumb Code     0  __rtentry2.o(.ARM.Collect$$rtentry$$0000000C)
    __rt_exit                                0x0800028d   Thumb Code     0  rtexit.o(.ARM.Collect$$rtexit$$00000000)
    __rt_exit_ls                             0x0800028f   Thumb Code     0  rtexit2.o(.ARM.Collect$$rtexit$$00000003)
    __rt_exit_prels_1                        0x0800028f   Thumb Code     0  rtexit2.o(.ARM.Collect$$rtexit$$00000002)
    __rt_exit_exit                           0x08000293   Thumb Code     0  rtexit2.o(.ARM.Collect$$rtexit$$00000004)
    Reset_Handler                            0x08000299   Thumb Code     8  startup_stm32f407xx.o(.text)
    ADC_IRQHandler                           0x080002b3   Thumb Code     0  startup_stm32f407xx.o(.text)
    CAN1_RX0_IRQHandler                      0x080002b3   Thumb Code     0  startup_stm32f407xx.o(.text)
    CAN1_RX1_IRQHandler                      0x080002b3   Thumb Code     0  startup_stm32f407xx.o(.text)
    CAN1_SCE_IRQHandler                      0x080002b3   Thumb Code     0  startup_stm32f407xx.o(.text)
    CAN1_TX_IRQHandler                       0x080002b3   Thumb Code     0  startup_stm32f407xx.o(.text)
    CAN2_RX0_IRQHandler                      0x080002b3   Thumb Code     0  startup_stm32f407xx.o(.text)
    CAN2_RX1_IRQHandler                      0x080002b3   Thumb Code     0  startup_stm32f407xx.o(.text)
    CAN2_SCE_IRQHandler                      0x080002b3   Thumb Code     0  startup_stm32f407xx.o(.text)
    CAN2_TX_IRQHandler                       0x080002b3   Thumb Code     0  startup_stm32f407xx.o(.text)
    DCMI_IRQHandler                          0x080002b3   Thumb Code     0  startup_stm32f407xx.o(.text)
    DMA1_Stream0_IRQHandler                  0x080002b3   Thumb Code     0  startup_stm32f407xx.o(.text)
    DMA1_Stream1_IRQHandler                  0x080002b3   Thumb Code     0  startup_stm32f407xx.o(.text)
    DMA1_Stream2_IRQHandler                  0x080002b3   Thumb Code     0  startup_stm32f407xx.o(.text)
    DMA1_Stream3_IRQHandler                  0x080002b3   Thumb Code     0  startup_stm32f407xx.o(.text)
    DMA1_Stream4_IRQHandler                  0x080002b3   Thumb Code     0  startup_stm32f407xx.o(.text)
    DMA1_Stream5_IRQHandler                  0x080002b3   Thumb Code     0  startup_stm32f407xx.o(.text)
    DMA1_Stream6_IRQHandler                  0x080002b3   Thumb Code     0  startup_stm32f407xx.o(.text)
    DMA1_Stream7_IRQHandler                  0x080002b3   Thumb Code     0  startup_stm32f407xx.o(.text)
    DMA2_Stream0_IRQHandler                  0x080002b3   Thumb Code     0  startup_stm32f407xx.o(.text)
    DMA2_Stream1_IRQHandler                  0x080002b3   Thumb Code     0  startup_stm32f407xx.o(.text)
    DMA2_Stream2_IRQHandler                  0x080002b3   Thumb Code     0  startup_stm32f407xx.o(.text)
    DMA2_Stream3_IRQHandler                  0x080002b3   Thumb Code     0  startup_stm32f407xx.o(.text)
    DMA2_Stream4_IRQHandler                  0x080002b3   Thumb Code     0  startup_stm32f407xx.o(.text)
    DMA2_Stream5_IRQHandler                  0x080002b3   Thumb Code     0  startup_stm32f407xx.o(.text)
    DMA2_Stream6_IRQHandler                  0x080002b3   Thumb Code     0  startup_stm32f407xx.o(.text)
    DMA2_Stream7_IRQHandler                  0x080002b3   Thumb Code     0  startup_stm32f407xx.o(.text)
    ETH_IRQHandler                           0x080002b3   Thumb Code     0  startup_stm32f407xx.o(.text)
    ETH_WKUP_IRQHandler                      0x080002b3   Thumb Code     0  startup_stm32f407xx.o(.text)
    EXTI0_IRQHandler                         0x080002b3   Thumb Code     0  startup_stm32f407xx.o(.text)
    EXTI15_10_IRQHandler                     0x080002b3   Thumb Code     0  startup_stm32f407xx.o(.text)
    EXTI1_IRQHandler                         0x080002b3   Thumb Code     0  startup_stm32f407xx.o(.text)
    EXTI2_IRQHandler                         0x080002b3   Thumb Code     0  startup_stm32f407xx.o(.text)
    EXTI3_IRQHandler                         0x080002b3   Thumb Code     0  startup_stm32f407xx.o(.text)
    EXTI4_IRQHandler                         0x080002b3   Thumb Code     0  startup_stm32f407xx.o(.text)
    EXTI9_5_IRQHandler                       0x080002b3   Thumb Code     0  startup_stm32f407xx.o(.text)
    FLASH_IRQHandler                         0x080002b3   Thumb Code     0  startup_stm32f407xx.o(.text)
    FMC_IRQHandler                           0x080002b3   Thumb Code     0  startup_stm32f407xx.o(.text)
    FPU_IRQHandler                           0x080002b3   Thumb Code     0  startup_stm32f407xx.o(.text)
    HASH_RNG_IRQHandler                      0x080002b3   Thumb Code     0  startup_stm32f407xx.o(.text)
    I2C1_ER_IRQHandler                       0x080002b3   Thumb Code     0  startup_stm32f407xx.o(.text)
    I2C1_EV_IRQHandler                       0x080002b3   Thumb Code     0  startup_stm32f407xx.o(.text)
    I2C2_ER_IRQHandler                       0x080002b3   Thumb Code     0  startup_stm32f407xx.o(.text)
    I2C2_EV_IRQHandler                       0x080002b3   Thumb Code     0  startup_stm32f407xx.o(.text)
    I2C3_ER_IRQHandler                       0x080002b3   Thumb Code     0  startup_stm32f407xx.o(.text)
    I2C3_EV_IRQHandler                       0x080002b3   Thumb Code     0  startup_stm32f407xx.o(.text)
    OTG_FS_IRQHandler                        0x080002b3   Thumb Code     0  startup_stm32f407xx.o(.text)
    OTG_FS_WKUP_IRQHandler                   0x080002b3   Thumb Code     0  startup_stm32f407xx.o(.text)
    OTG_HS_EP1_IN_IRQHandler                 0x080002b3   Thumb Code     0  startup_stm32f407xx.o(.text)
    OTG_HS_EP1_OUT_IRQHandler                0x080002b3   Thumb Code     0  startup_stm32f407xx.o(.text)
    OTG_HS_IRQHandler                        0x080002b3   Thumb Code     0  startup_stm32f407xx.o(.text)
    OTG_HS_WKUP_IRQHandler                   0x080002b3   Thumb Code     0  startup_stm32f407xx.o(.text)
    PVD_IRQHandler                           0x080002b3   Thumb Code     0  startup_stm32f407xx.o(.text)
    RCC_IRQHandler                           0x080002b3   Thumb Code     0  startup_stm32f407xx.o(.text)
    RTC_Alarm_IRQHandler                     0x080002b3   Thumb Code     0  startup_stm32f407xx.o(.text)
    RTC_WKUP_IRQHandler                      0x080002b3   Thumb Code     0  startup_stm32f407xx.o(.text)
    SDIO_IRQHandler                          0x080002b3   Thumb Code     0  startup_stm32f407xx.o(.text)
    SPI1_IRQHandler                          0x080002b3   Thumb Code     0  startup_stm32f407xx.o(.text)
    SPI2_IRQHandler                          0x080002b3   Thumb Code     0  startup_stm32f407xx.o(.text)
    SPI3_IRQHandler                          0x080002b3   Thumb Code     0  startup_stm32f407xx.o(.text)
    TAMP_STAMP_IRQHandler                    0x080002b3   Thumb Code     0  startup_stm32f407xx.o(.text)
    TIM1_BRK_TIM9_IRQHandler                 0x080002b3   Thumb Code     0  startup_stm32f407xx.o(.text)
    TIM1_CC_IRQHandler                       0x080002b3   Thumb Code     0  startup_stm32f407xx.o(.text)
    TIM1_TRG_COM_TIM11_IRQHandler            0x080002b3   Thumb Code     0  startup_stm32f407xx.o(.text)
    TIM1_UP_TIM10_IRQHandler                 0x080002b3   Thumb Code     0  startup_stm32f407xx.o(.text)
    TIM2_IRQHandler                          0x080002b3   Thumb Code     0  startup_stm32f407xx.o(.text)
    TIM3_IRQHandler                          0x080002b3   Thumb Code     0  startup_stm32f407xx.o(.text)
    TIM5_IRQHandler                          0x080002b3   Thumb Code     0  startup_stm32f407xx.o(.text)
    TIM6_DAC_IRQHandler                      0x080002b3   Thumb Code     0  startup_stm32f407xx.o(.text)
    TIM7_IRQHandler                          0x080002b3   Thumb Code     0  startup_stm32f407xx.o(.text)
    TIM8_BRK_TIM12_IRQHandler                0x080002b3   Thumb Code     0  startup_stm32f407xx.o(.text)
    TIM8_CC_IRQHandler                       0x080002b3   Thumb Code     0  startup_stm32f407xx.o(.text)
    TIM8_TRG_COM_TIM14_IRQHandler            0x080002b3   Thumb Code     0  startup_stm32f407xx.o(.text)
    TIM8_UP_TIM13_IRQHandler                 0x080002b3   Thumb Code     0  startup_stm32f407xx.o(.text)
    UART4_IRQHandler                         0x080002b3   Thumb Code     0  startup_stm32f407xx.o(.text)
    UART5_IRQHandler                         0x080002b3   Thumb Code     0  startup_stm32f407xx.o(.text)
    USART2_IRQHandler                        0x080002b3   Thumb Code     0  startup_stm32f407xx.o(.text)
    USART3_IRQHandler                        0x080002b3   Thumb Code     0  startup_stm32f407xx.o(.text)
    USART6_IRQHandler                        0x080002b3   Thumb Code     0  startup_stm32f407xx.o(.text)
    WWDG_IRQHandler                          0x080002b3   Thumb Code     0  startup_stm32f407xx.o(.text)
    __user_initial_stackheap                 0x080002b5   Thumb Code     0  startup_stm32f407xx.o(.text)
    __use_no_semihosting                     0x080002d9   Thumb Code     2  use_no_semi_2.o(.text)
    __aeabi_uldivmod                         0x080002db   Thumb Code     0  lludivv7m.o(.text)
    _ll_udiv                                 0x080002db   Thumb Code   238  lludivv7m.o(.text)
    __2printf                                0x080003c9   Thumb Code    20  noretval__2printf.o(.text)
    _printf_pre_padding                      0x080003e1   Thumb Code    44  _printf_pad.o(.text)
    _printf_post_padding                     0x0800040d   Thumb Code    34  _printf_pad.o(.text)
    _printf_str                              0x0800042f   Thumb Code    82  _printf_str.o(.text)
    _printf_int_dec                          0x08000481   Thumb Code   104  _printf_dec.o(.text)
    _printf_longlong_dec                     0x080004f9   Thumb Code   108  _printf_longlong_dec.o(.text)
    _printf_int_hex                          0x08000575   Thumb Code    84  _printf_hex_int.o(.text)
    _printf_longlong_hex                     0x08000575   Thumb Code     0  _printf_hex_int.o(.text)
    __printf                                 0x080005cd   Thumb Code   388  __printf_flags_ss_wp.o(.text)
    __aeabi_memcpy                           0x08000755   Thumb Code     0  rt_memcpy_v6.o(.text)
    __rt_memcpy                              0x08000755   Thumb Code   138  rt_memcpy_v6.o(.text)
    _memcpy_lastbytes                        0x080007bb   Thumb Code     0  rt_memcpy_v6.o(.text)
    __aeabi_memcpy4                          0x080007df   Thumb Code     0  rt_memcpy_w.o(.text)
    __aeabi_memcpy8                          0x080007df   Thumb Code     0  rt_memcpy_w.o(.text)
    __rt_memcpy_w                            0x080007df   Thumb Code   100  rt_memcpy_w.o(.text)
    _memcpy_lastbytes_aligned                0x08000827   Thumb Code     0  rt_memcpy_w.o(.text)
    __aeabi_memclr                           0x08000843   Thumb Code     0  rt_memclr.o(.text)
    __rt_memclr                              0x08000843   Thumb Code    68  rt_memclr.o(.text)
    _memset                                  0x08000847   Thumb Code     0  rt_memclr.o(.text)
    __aeabi_memclr4                          0x08000887   Thumb Code     0  rt_memclr_w.o(.text)
    __aeabi_memclr8                          0x08000887   Thumb Code     0  rt_memclr_w.o(.text)
    __rt_memclr_w                            0x08000887   Thumb Code    78  rt_memclr_w.o(.text)
    _memset_w                                0x0800088b   Thumb Code     0  rt_memclr_w.o(.text)
    __use_two_region_memory                  0x080008d5   Thumb Code     2  heapauxi.o(.text)
    __rt_heap_escrow$2region                 0x080008d7   Thumb Code     2  heapauxi.o(.text)
    __rt_heap_expand$2region                 0x080008d9   Thumb Code     2  heapauxi.o(.text)
    __I$use$semihosting                      0x080008db   Thumb Code     0  use_no_semi.o(.text)
    __use_no_semihosting_swi                 0x080008db   Thumb Code     2  use_no_semi.o(.text)
    _ll_udiv10                               0x080008dd   Thumb Code   138  lludiv10.o(.text)
    _printf_int_common                       0x08000967   Thumb Code   178  _printf_intcommon.o(.text)
    _printf_cs_common                        0x08000a19   Thumb Code    20  _printf_char.o(.text)
    _printf_char                             0x08000a2d   Thumb Code    16  _printf_char.o(.text)
    _printf_string                           0x08000a3d   Thumb Code     8  _printf_char.o(.text)
    _printf_char_file                        0x08000a45   Thumb Code    32  _printf_char_file.o(.text)
    _printf_char_common                      0x08000a73   Thumb Code    32  _printf_char_common.o(.text)
    ferror                                   0x08000a99   Thumb Code     8  ferror.o(.text)
    __user_setup_stackheap                   0x08000aa1   Thumb Code    74  sys_stackheap_outer.o(.text)
    exit                                     0x08000aeb   Thumb Code    18  exit.o(.text)
    __user_libspace                          0x08000afd   Thumb Code     8  libspace.o(.text)
    __user_perproc_libspace                  0x08000afd   Thumb Code     0  libspace.o(.text)
    __user_perthread_libspace                0x08000afd   Thumb Code     0  libspace.o(.text)
    BusFault_Handler                         0x08000b05   Thumb Code     2  stm32f4xx_it.o(i.BusFault_Handler)
    CAN1_Mode_Init                           0x08000b09   Thumb Code    72  can.o(i.CAN1_Mode_Init)
    CAN_Config                               0x08000ba5   Thumb Code    90  can.o(i.CAN_Config)
    DebugMon_Handler                         0x08000c05   Thumb Code     2  stm32f4xx_it.o(i.DebugMon_Handler)
    Error_Handler                            0x08000c09   Thumb Code     6  motor_control.o(i.Error_Handler)
    FSMC_NORSRAM_Extended_Timing_Init        0x08000c35   Thumb Code    60  stm32f4xx_ll_fsmc.o(i.FSMC_NORSRAM_Extended_Timing_Init)
    FSMC_NORSRAM_Init                        0x08000c75   Thumb Code    80  stm32f4xx_ll_fsmc.o(i.FSMC_NORSRAM_Init)
    FSMC_NORSRAM_Timing_Init                 0x08000cc9   Thumb Code    64  stm32f4xx_ll_fsmc.o(i.FSMC_NORSRAM_Timing_Init)
    HAL_CAN_ActivateNotification             0x08000d0d   Thumb Code    36  stm32f4xx_hal_can.o(i.HAL_CAN_ActivateNotification)
    HAL_CAN_AddTxMessage                     0x08000d31   Thumb Code   200  stm32f4xx_hal_can.o(i.HAL_CAN_AddTxMessage)
    HAL_CAN_ConfigFilter                     0x08000df9   Thumb Code   262  stm32f4xx_hal_can.o(i.HAL_CAN_ConfigFilter)
    HAL_CAN_GetRxFifoFillLevel               0x08000f05   Thumb Code    32  stm32f4xx_hal_can.o(i.HAL_CAN_GetRxFifoFillLevel)
    HAL_CAN_GetRxMessage                     0x08000f25   Thumb Code   232  stm32f4xx_hal_can.o(i.HAL_CAN_GetRxMessage)
    HAL_CAN_Init                             0x0800100d   Thumb Code   282  stm32f4xx_hal_can.o(i.HAL_CAN_Init)
    HAL_CAN_MspInit                          0x08001129   Thumb Code    74  can.o(i.HAL_CAN_MspInit)
    HAL_CAN_Start                            0x0800117d   Thumb Code    86  stm32f4xx_hal_can.o(i.HAL_CAN_Start)
    HAL_DMA_Abort_IT                         0x080011d3   Thumb Code    36  stm32f4xx_hal_dma.o(i.HAL_DMA_Abort_IT)
    HAL_GPIO_Init                            0x080011f9   Thumb Code   402  stm32f4xx_hal_gpio.o(i.HAL_GPIO_Init)
    HAL_GPIO_WritePin                        0x080013b9   Thumb Code    10  stm32f4xx_hal_gpio.o(i.HAL_GPIO_WritePin)
    HAL_GetREVID                             0x080013c5   Thumb Code     8  stm32f4xx_hal.o(i.HAL_GetREVID)
    HAL_GetTick                              0x080013d1   Thumb Code     6  stm32f4xx_hal.o(i.HAL_GetTick)
    HAL_IncTick                              0x080013dd   Thumb Code    12  stm32f4xx_hal.o(i.HAL_IncTick)
    HAL_Init                                 0x080013ed   Thumb Code    40  stm32f4xx_hal.o(i.HAL_Init)
    HAL_InitTick                             0x08001419   Thumb Code    54  stm32f4xx_hal.o(i.HAL_InitTick)
    HAL_MspInit                              0x08001459   Thumb Code     2  stm32f4xx_hal_msp.o(i.HAL_MspInit)
    HAL_NVIC_EnableIRQ                       0x0800145b   Thumb Code    26  stm32f4xx_hal_cortex.o(i.HAL_NVIC_EnableIRQ)
    HAL_NVIC_SetPriority                     0x08001475   Thumb Code    60  stm32f4xx_hal_cortex.o(i.HAL_NVIC_SetPriority)
    HAL_NVIC_SetPriorityGrouping             0x080014b5   Thumb Code    26  stm32f4xx_hal_cortex.o(i.HAL_NVIC_SetPriorityGrouping)
    HAL_RCC_ClockConfig                      0x080014d9   Thumb Code   286  stm32f4xx_hal_rcc.o(i.HAL_RCC_ClockConfig)
    HAL_RCC_GetPCLK1Freq                     0x08001609   Thumb Code    20  stm32f4xx_hal_rcc.o(i.HAL_RCC_GetPCLK1Freq)
    HAL_RCC_GetPCLK2Freq                     0x08001629   Thumb Code    20  stm32f4xx_hal_rcc.o(i.HAL_RCC_GetPCLK2Freq)
    HAL_RCC_GetSysClockFreq                  0x08001649   Thumb Code    88  stm32f4xx_hal_rcc.o(i.HAL_RCC_GetSysClockFreq)
    HAL_RCC_OscConfig                        0x080016a9   Thumb Code   766  stm32f4xx_hal_rcc.o(i.HAL_RCC_OscConfig)
    HAL_SRAM_Init                            0x080019bd   Thumb Code    86  stm32f4xx_hal_sram.o(i.HAL_SRAM_Init)
    HAL_SRAM_MspInit                         0x08001a15   Thumb Code   162  lcd.o(i.HAL_SRAM_MspInit)
    HAL_SYSTICK_CLKSourceConfig              0x08001acd   Thumb Code    24  stm32f4xx_hal_cortex.o(i.HAL_SYSTICK_CLKSourceConfig)
    HAL_SYSTICK_Config                       0x08001ae5   Thumb Code    40  stm32f4xx_hal_cortex.o(i.HAL_SYSTICK_Config)
    HAL_TIM_Base_Init                        0x08001b0d   Thumb Code    54  stm32f4xx_hal_tim.o(i.HAL_TIM_Base_Init)
    HAL_TIM_Base_MspInit                     0x08001b43   Thumb Code     2  stm32f4xx_hal_tim.o(i.HAL_TIM_Base_MspInit)
    HAL_TIM_Base_Start_IT                    0x08001b45   Thumb Code    34  stm32f4xx_hal_tim.o(i.HAL_TIM_Base_Start_IT)
    HAL_UART_ErrorCallback                   0x08001b67   Thumb Code     2  stm32f4xx_hal_uart.o(i.HAL_UART_ErrorCallback)
    HAL_UART_GetState                        0x08001b69   Thumb Code    10  stm32f4xx_hal_uart.o(i.HAL_UART_GetState)
    HAL_UART_IRQHandler                      0x08001b75   Thumb Code   266  stm32f4xx_hal_uart.o(i.HAL_UART_IRQHandler)
    HAL_UART_Init                            0x08001c85   Thumb Code    98  stm32f4xx_hal_uart.o(i.HAL_UART_Init)
    HAL_UART_MspInit                         0x08001ce9   Thumb Code   112  usart.o(i.HAL_UART_MspInit)
    HAL_UART_Receive_IT                      0x08001d65   Thumb Code    82  stm32f4xx_hal_uart.o(i.HAL_UART_Receive_IT)
    HAL_UART_RxCpltCallback                  0x08001db9   Thumb Code    76  usart.o(i.HAL_UART_RxCpltCallback)
    HAL_UART_Transmit                        0x08001e11   Thumb Code   186  stm32f4xx_hal_uart.o(i.HAL_UART_Transmit)
    HAL_UART_TxCpltCallback                  0x08001ecb   Thumb Code     2  stm32f4xx_hal_uart.o(i.HAL_UART_TxCpltCallback)
    HardFault_Handler                        0x08001ecd   Thumb Code     2  stm32f4xx_it.o(i.HardFault_Handler)
    KEY_Init                                 0x08001ed1   Thumb Code    82  key.o(i.KEY_Init)
    LCD_Clear                                0x08001f31   Thumb Code    46  lcd.o(i.LCD_Clear)
    LCD_Display_Dir                          0x08001f65   Thumb Code   212  lcd.o(i.LCD_Display_Dir)
    LCD_Init                                 0x0800203d   Thumb Code  9116  lcd.o(i.LCD_Init)
    LCD_RD_DATA                              0x080043dd   Thumb Code    20  lcd.o(i.LCD_RD_DATA)
    LCD_SSD_BackLightSet                     0x080043f1   Thumb Code    72  lcd.o(i.LCD_SSD_BackLightSet)
    LCD_Scan_Dir                             0x08004441   Thumb Code   434  lcd.o(i.LCD_Scan_Dir)
    LCD_SetCursor                            0x080045f9   Thumb Code   254  lcd.o(i.LCD_SetCursor)
    LCD_WR_DATA                              0x080046fd   Thumb Code    24  lcd.o(i.LCD_WR_DATA)
    LCD_WR_REG                               0x08004715   Thumb Code    24  lcd.o(i.LCD_WR_REG)
    LCD_WriteRAM_Prepare                     0x0800472d   Thumb Code    14  lcd.o(i.LCD_WriteRAM_Prepare)
    LCD_WriteReg                             0x08004741   Thumb Code    12  lcd.o(i.LCD_WriteReg)
    LED_Init                                 0x0800474d   Thumb Code    72  led.o(i.LED_Init)
    MemManage_Handler                        0x0800479d   Thumb Code     2  stm32f4xx_it.o(i.MemManage_Handler)
    Motor_Stop                               0x080047a1   Thumb Code   150  motor_control.o(i.Motor_Stop)
    Motor_open_fanction_uart                 0x08004891   Thumb Code   488  motor_control.o(i.Motor_open_fanction_uart)
    Multi_angleControl_2                     0x08004ad5   Thumb Code   194  motor_control.o(i.Multi_angleControl_2)
    NMI_Handler                              0x08004bd1   Thumb Code     2  stm32f4xx_it.o(i.NMI_Handler)
    PendSV_Handler                           0x08004bd3   Thumb Code     2  stm32f4xx_it.o(i.PendSV_Handler)
    Read_Encoder                             0x08004bd5   Thumb Code   164  motor_control.o(i.Read_Encoder)
    Read_PID                                 0x08004cb1   Thumb Code   188  motor_control.o(i.Read_PID)
    SVC_Handler                              0x08004da5   Thumb Code     2  stm32f4xx_it.o(i.SVC_Handler)
    Stm32_Clock_Init                         0x08004da9   Thumb Code   136  sys.o(i.Stm32_Clock_Init)
    SysTick_Handler                          0x08004e3d   Thumb Code     4  stm32f4xx_it.o(i.SysTick_Handler)
    SystemInit                               0x08004e41   Thumb Code    66  system_stm32f4xx.o(i.SystemInit)
    TIM4_IRQHandler                          0x08004e95   Thumb Code    44  usmart.o(i.TIM4_IRQHandler)
    TIM_Base_SetConfig                       0x08004ec9   Thumb Code   156  stm32f4xx_hal_tim.o(i.TIM_Base_SetConfig)
    Timer4_Init                              0x08004f91   Thumb Code    72  usmart.o(i.Timer4_Init)
    USART1_IRQHandler                        0x08005419   Thumb Code    34  usart.o(i.USART1_IRQHandler)
    UsageFault_Handler                       0x08005445   Thumb Code     2  stm32f4xx_it.o(i.UsageFault_Handler)
    _is_digit                                0x08005467   Thumb Code    14  __printf_wp.o(i._is_digit)
    _sys_exit                                0x08005475   Thumb Code     2  usart.o(i._sys_exit)
    delay_init                               0x08005479   Thumb Code    16  delay.o(i.delay_init)
    delay_ms                                 0x0800548d   Thumb Code    26  delay.o(i.delay_ms)
    delay_us                                 0x080054a9   Thumb Code    48  delay.o(i.delay_us)
    fputc                                    0x080054dd   Thumb Code    14  usart.o(i.fputc)
    main                                     0x080054f1   Thumb Code   274  main.o(i.main)
    read_addr                                0x08005671   Thumb Code     4  usmart.o(i.read_addr)
    speedControl                             0x08005675   Thumb Code   192  motor_control.o(i.speedControl)
    uart_init                                0x0800576d   Thumb Code    44  usart.o(i.uart_init)
    usmart_cmd_rec                           0x080057a5   Thumb Code   144  usmart.o(i.usmart_cmd_rec)
    usmart_exe                               0x08005839   Thumb Code   510  usmart.o(i.usmart_exe)
    usmart_get_aparm                         0x08005a99   Thumb Code   164  usmart_str.o(i.usmart_get_aparm)
    usmart_get_cmdname                       0x08005b3d   Thumb Code    46  usmart_str.o(i.usmart_get_cmdname)
    usmart_get_fname                         0x08005b6d   Thumb Code   352  usmart_str.o(i.usmart_get_fname)
    usmart_get_fparam                        0x08005cd5   Thumb Code   202  usmart_str.o(i.usmart_get_fparam)
    usmart_get_parmpos                       0x08005da5   Thumb Code    30  usmart_str.o(i.usmart_get_parmpos)
    usmart_get_runtime                       0x08005dc9   Thumb Code    38  usmart.o(i.usmart_get_runtime)
    usmart_init                              0x08005df9   Thumb Code    36  usmart.o(i.usmart_init)
    usmart_pow                               0x08005e21   Thumb Code    16  usmart_str.o(i.usmart_pow)
    usmart_reset_runtime                     0x08005e31   Thumb Code    32  usmart.o(i.usmart_reset_runtime)
    usmart_scan                              0x08005e59   Thumb Code    94  usmart.o(i.usmart_scan)
    usmart_search_nextc                      0x08005efd   Thumb Code    16  usmart_str.o(i.usmart_search_nextc)
    usmart_str2num                           0x08005f0d   Thumb Code   214  usmart_str.o(i.usmart_str2num)
    usmart_strcmp                            0x08005fe3   Thumb Code    24  usmart_str.o(i.usmart_strcmp)
    usmart_strcopy                           0x08005ffb   Thumb Code    18  usmart_str.o(i.usmart_strcopy)
    usmart_strlen                            0x0800600d   Thumb Code    18  usmart_str.o(i.usmart_strlen)
    usmart_sys_cmd_exe                       0x08006021   Thumb Code  1458  usmart.o(i.usmart_sys_cmd_exe)
    write_addr                               0x080066a1   Thumb Code     4  usmart.o(i.write_addr)
    __aeabi_d2uiz                            0x080066a5   Thumb Code     0  dfixu.o(x$fpl$dfixu)
    _dfixu                                   0x080066a5   Thumb Code    90  dfixu.o(x$fpl$dfixu)
    __aeabi_ui2d                             0x080066ff   Thumb Code     0  dflt_clz.o(x$fpl$dfltu)
    _dfltu                                   0x080066ff   Thumb Code    38  dflt_clz.o(x$fpl$dfltu)
    __aeabi_dmul                             0x08006725   Thumb Code     0  dmul.o(x$fpl$dmul)
    _dmul                                    0x08006725   Thumb Code   332  dmul.o(x$fpl$dmul)
    __fpl_dnaninf                            0x08006879   Thumb Code   156  dnaninf.o(x$fpl$dnaninf)
    __fpl_dretinf                            0x08006915   Thumb Code    12  dretinf.o(x$fpl$dretinf)
    _fp_init                                 0x08006921   Thumb Code    10  fpinit.o(x$fpl$fpinit)
    __fplib_config_fpu_vfp                   0x08006929   Thumb Code     0  fpinit.o(x$fpl$fpinit)
    __fplib_config_pureend_doubles           0x08006929   Thumb Code     0  fpinit.o(x$fpl$fpinit)
    AHBPrescTable                            0x0800692a   Data          16  system_stm32f4xx.o(.constdata)
    __I$use$fp                               0x0800692a   Number         0  usenofp.o(x$fpl$usenofp)
    APBPrescTable                            0x0800693a   Data           8  system_stm32f4xx.o(.constdata)
    Region$$Table$$Base                      0x08006b9c   Number         0  anon$$obj.o(Region$$Table)
    Region$$Table$$Limit                     0x08006bbc   Number         0  anon$$obj.o(Region$$Table)
    SystemCoreClock                          0x20000000   Data           4  system_stm32f4xx.o(.data)
    uwTickFreq                               0x20000004   Data           1  stm32f4xx_hal.o(.data)
    uwTickPrio                               0x20000008   Data           4  stm32f4xx_hal.o(.data)
    uwTick                                   0x2000000c   Data           4  stm32f4xx_hal.o(.data)
    aRxBuffer                                0x20000014   Data           1  usart.o(.data)
    USART_RX_STA                             0x20000016   Data           2  usart.o(.data)
    __stdout                                 0x20000018   Data           4  usart.o(.data)
    TxMailbox                                0x20000020   Data           4  motor_control.o(.data)
    sys_cmd_tab                              0x20000030   Data          28  usmart.o(.data)
    usmart_nametab                           0x2000004c   Data          32  usmart_config.o(.data)
    usmart_dev                               0x2000006c   Data         244  usmart_config.o(.data)
    USART_RX_BUF                             0x20000160   Data         200  usart.o(.bss)
    UART1_Handler                            0x20000228   Data          64  usart.o(.bss)
    TFTSRAM_Handler                          0x20000268   Data          80  lcd.o(.bss)
    lcddev                                   0x200002b8   Data          14  lcd.o(.bss)
    hcan1                                    0x200002c8   Data          40  can.o(.bss)
    Tx1Header                                0x200002f0   Data          24  can.o(.bss)
    TxHeader                                 0x20000308   Data          24  motor_control.o(.bss)
    RxHeader                                 0x20000320   Data          28  motor_control.o(.bss)
    TIM4_Handler                             0x2000033c   Data          64  usmart.o(.bss)
    __libspace_start                         0x2000037c   Data          96  libspace.o(.bss)
    __temporary_stack_top$libspace           0x200003dc   Data           0  libspace.o(.bss)



==============================================================================

Memory Map of the image

  Image Entry point : 0x08000189

  Load Region LR_IROM1 (Base: 0x08000000, Size: 0x00006d1c, Max: 0x00080000, ABSOLUTE, COMPRESSED[0x00006c14])

    Execution Region ER_IROM1 (Exec base: 0x08000000, Load base: 0x08000000, Size: 0x00006bbc, Max: 0x00080000, ABSOLUTE)

    Exec Addr    Load Addr    Size         Type   Attr      Idx    E Section Name        Object

    0x08000000   0x08000000   0x00000188   Data   RO          498    RESET               startup_stm32f407xx.o
    0x08000188   0x08000188   0x00000008   Code   RO         4612  * !!!main             c_w.l(__main.o)
    0x08000190   0x08000190   0x00000034   Code   RO         4814    !!!scatter          c_w.l(__scatter.o)
    0x080001c4   0x080001c4   0x0000005a   Code   RO         4812    !!dczerorl2         c_w.l(__dczerorl2.o)
    0x0800021e   0x0800021e   0x00000002   PAD
    0x08000220   0x08000220   0x0000001c   Code   RO         4816    !!handler_zi        c_w.l(__scatter_zi.o)
    0x0800023c   0x0800023c   0x00000000   Code   RO         4600    .ARM.Collect$$_printf_percent$$00000000  c_w.l(_printf_percent.o)
    0x0800023c   0x0800023c   0x0000000a   Code   RO         4642    .ARM.Collect$$_printf_percent$$00000007  c_w.l(_printf_ll.o)
    0x08000246   0x08000246   0x00000006   Code   RO         4598    .ARM.Collect$$_printf_percent$$00000009  c_w.l(_printf_d.o)
    0x0800024c   0x0800024c   0x00000006   Code   RO         4599    .ARM.Collect$$_printf_percent$$0000000A  c_w.l(_printf_u.o)
    0x08000252   0x08000252   0x00000006   Code   RO         4597    .ARM.Collect$$_printf_percent$$0000000C  c_w.l(_printf_x.o)
    0x08000258   0x08000258   0x00000006   Code   RO         4601    .ARM.Collect$$_printf_percent$$0000000E  c_w.l(_printf_lld.o)
    0x0800025e   0x0800025e   0x00000006   Code   RO         4595    .ARM.Collect$$_printf_percent$$00000013  c_w.l(_printf_c.o)
    0x08000264   0x08000264   0x00000006   Code   RO         4596    .ARM.Collect$$_printf_percent$$00000014  c_w.l(_printf_s.o)
    0x0800026a   0x0800026a   0x00000004   Code   RO         4641    .ARM.Collect$$_printf_percent$$00000017  c_w.l(_printf_percent_end.o)
    0x0800026e   0x0800026e   0x00000002   Code   RO         4686    .ARM.Collect$$libinit$$00000000  c_w.l(libinit.o)
    0x08000270   0x08000270   0x00000004   Code   RO         4698    .ARM.Collect$$libinit$$00000001  c_w.l(libinit2.o)
    0x08000274   0x08000274   0x00000000   Code   RO         4701    .ARM.Collect$$libinit$$00000004  c_w.l(libinit2.o)
    0x08000274   0x08000274   0x00000000   Code   RO         4704    .ARM.Collect$$libinit$$0000000A  c_w.l(libinit2.o)
    0x08000274   0x08000274   0x00000000   Code   RO         4706    .ARM.Collect$$libinit$$0000000C  c_w.l(libinit2.o)
    0x08000274   0x08000274   0x00000000   Code   RO         4708    .ARM.Collect$$libinit$$0000000E  c_w.l(libinit2.o)
    0x08000274   0x08000274   0x00000000   Code   RO         4711    .ARM.Collect$$libinit$$00000011  c_w.l(libinit2.o)
    0x08000274   0x08000274   0x00000000   Code   RO         4713    .ARM.Collect$$libinit$$00000013  c_w.l(libinit2.o)
    0x08000274   0x08000274   0x00000000   Code   RO         4715    .ARM.Collect$$libinit$$00000015  c_w.l(libinit2.o)
    0x08000274   0x08000274   0x00000000   Code   RO         4717    .ARM.Collect$$libinit$$00000017  c_w.l(libinit2.o)
    0x08000274   0x08000274   0x00000000   Code   RO         4719    .ARM.Collect$$libinit$$00000019  c_w.l(libinit2.o)
    0x08000274   0x08000274   0x00000000   Code   RO         4721    .ARM.Collect$$libinit$$0000001B  c_w.l(libinit2.o)
    0x08000274   0x08000274   0x00000000   Code   RO         4723    .ARM.Collect$$libinit$$0000001D  c_w.l(libinit2.o)
    0x08000274   0x08000274   0x00000000   Code   RO         4725    .ARM.Collect$$libinit$$0000001F  c_w.l(libinit2.o)
    0x08000274   0x08000274   0x00000000   Code   RO         4727    .ARM.Collect$$libinit$$00000021  c_w.l(libinit2.o)
    0x08000274   0x08000274   0x00000000   Code   RO         4729    .ARM.Collect$$libinit$$00000023  c_w.l(libinit2.o)
    0x08000274   0x08000274   0x00000000   Code   RO         4731    .ARM.Collect$$libinit$$00000025  c_w.l(libinit2.o)
    0x08000274   0x08000274   0x00000000   Code   RO         4735    .ARM.Collect$$libinit$$0000002C  c_w.l(libinit2.o)
    0x08000274   0x08000274   0x00000000   Code   RO         4737    .ARM.Collect$$libinit$$0000002E  c_w.l(libinit2.o)
    0x08000274   0x08000274   0x00000000   Code   RO         4739    .ARM.Collect$$libinit$$00000030  c_w.l(libinit2.o)
    0x08000274   0x08000274   0x00000000   Code   RO         4741    .ARM.Collect$$libinit$$00000032  c_w.l(libinit2.o)
    0x08000274   0x08000274   0x00000002   Code   RO         4742    .ARM.Collect$$libinit$$00000033  c_w.l(libinit2.o)
    0x08000276   0x08000276   0x00000002   Code   RO         4768    .ARM.Collect$$libshutdown$$00000000  c_w.l(libshutdown.o)
    0x08000278   0x08000278   0x00000000   Code   RO         4795    .ARM.Collect$$libshutdown$$00000002  c_w.l(libshutdown2.o)
    0x08000278   0x08000278   0x00000000   Code   RO         4797    .ARM.Collect$$libshutdown$$00000004  c_w.l(libshutdown2.o)
    0x08000278   0x08000278   0x00000000   Code   RO         4800    .ARM.Collect$$libshutdown$$00000007  c_w.l(libshutdown2.o)
    0x08000278   0x08000278   0x00000000   Code   RO         4803    .ARM.Collect$$libshutdown$$0000000A  c_w.l(libshutdown2.o)
    0x08000278   0x08000278   0x00000000   Code   RO         4805    .ARM.Collect$$libshutdown$$0000000C  c_w.l(libshutdown2.o)
    0x08000278   0x08000278   0x00000000   Code   RO         4808    .ARM.Collect$$libshutdown$$0000000F  c_w.l(libshutdown2.o)
    0x08000278   0x08000278   0x00000002   Code   RO         4809    .ARM.Collect$$libshutdown$$00000010  c_w.l(libshutdown2.o)
    0x0800027a   0x0800027a   0x00000000   Code   RO         4628    .ARM.Collect$$rtentry$$00000000  c_w.l(__rtentry.o)
    0x0800027a   0x0800027a   0x00000000   Code   RO         4649    .ARM.Collect$$rtentry$$00000002  c_w.l(__rtentry2.o)
    0x0800027a   0x0800027a   0x00000006   Code   RO         4661    .ARM.Collect$$rtentry$$00000004  c_w.l(__rtentry4.o)
    0x08000280   0x08000280   0x00000000   Code   RO         4651    .ARM.Collect$$rtentry$$00000009  c_w.l(__rtentry2.o)
    0x08000280   0x08000280   0x00000004   Code   RO         4652    .ARM.Collect$$rtentry$$0000000A  c_w.l(__rtentry2.o)
    0x08000284   0x08000284   0x00000000   Code   RO         4654    .ARM.Collect$$rtentry$$0000000C  c_w.l(__rtentry2.o)
    0x08000284   0x08000284   0x00000008   Code   RO         4655    .ARM.Collect$$rtentry$$0000000D  c_w.l(__rtentry2.o)
    0x0800028c   0x0800028c   0x00000002   Code   RO         4690    .ARM.Collect$$rtexit$$00000000  c_w.l(rtexit.o)
    0x0800028e   0x0800028e   0x00000000   Code   RO         4744    .ARM.Collect$$rtexit$$00000002  c_w.l(rtexit2.o)
    0x0800028e   0x0800028e   0x00000004   Code   RO         4745    .ARM.Collect$$rtexit$$00000003  c_w.l(rtexit2.o)
    0x08000292   0x08000292   0x00000006   Code   RO         4746    .ARM.Collect$$rtexit$$00000004  c_w.l(rtexit2.o)
    0x08000298   0x08000298   0x00000040   Code   RO          499    .text               startup_stm32f407xx.o
    0x080002d8   0x080002d8   0x00000002   Code   RO         4536    .text               c_w.l(use_no_semi_2.o)
    0x080002da   0x080002da   0x000000ee   Code   RO         4538    .text               c_w.l(lludivv7m.o)
    0x080003c8   0x080003c8   0x00000018   Code   RO         4542    .text               c_w.l(noretval__2printf.o)
    0x080003e0   0x080003e0   0x0000004e   Code   RO         4546    .text               c_w.l(_printf_pad.o)
    0x0800042e   0x0800042e   0x00000052   Code   RO         4548    .text               c_w.l(_printf_str.o)
    0x08000480   0x08000480   0x00000078   Code   RO         4550    .text               c_w.l(_printf_dec.o)
    0x080004f8   0x080004f8   0x0000007c   Code   RO         4552    .text               c_w.l(_printf_longlong_dec.o)
    0x08000574   0x08000574   0x00000058   Code   RO         4557    .text               c_w.l(_printf_hex_int.o)
    0x080005cc   0x080005cc   0x00000188   Code   RO         4592    .text               c_w.l(__printf_flags_ss_wp.o)
    0x08000754   0x08000754   0x0000008a   Code   RO         4602    .text               c_w.l(rt_memcpy_v6.o)
    0x080007de   0x080007de   0x00000064   Code   RO         4604    .text               c_w.l(rt_memcpy_w.o)
    0x08000842   0x08000842   0x00000044   Code   RO         4606    .text               c_w.l(rt_memclr.o)
    0x08000886   0x08000886   0x0000004e   Code   RO         4608    .text               c_w.l(rt_memclr_w.o)
    0x080008d4   0x080008d4   0x00000006   Code   RO         4610    .text               c_w.l(heapauxi.o)
    0x080008da   0x080008da   0x00000002   Code   RO         4626    .text               c_w.l(use_no_semi.o)
    0x080008dc   0x080008dc   0x0000008a   Code   RO         4633    .text               c_w.l(lludiv10.o)
    0x08000966   0x08000966   0x000000b2   Code   RO         4635    .text               c_w.l(_printf_intcommon.o)
    0x08000a18   0x08000a18   0x0000002c   Code   RO         4637    .text               c_w.l(_printf_char.o)
    0x08000a44   0x08000a44   0x00000024   Code   RO         4639    .text               c_w.l(_printf_char_file.o)
    0x08000a68   0x08000a68   0x00000030   Code   RO         4665    .text               c_w.l(_printf_char_common.o)
    0x08000a98   0x08000a98   0x00000008   Code   RO         4667    .text               c_w.l(ferror.o)
    0x08000aa0   0x08000aa0   0x0000004a   Code   RO         4671    .text               c_w.l(sys_stackheap_outer.o)
    0x08000aea   0x08000aea   0x00000012   Code   RO         4675    .text               c_w.l(exit.o)
    0x08000afc   0x08000afc   0x00000008   Code   RO         4687    .text               c_w.l(libspace.o)
    0x08000b04   0x08000b04   0x00000002   Code   RO          265    i.BusFault_Handler  stm32f4xx_it.o
    0x08000b06   0x08000b06   0x00000002   PAD
    0x08000b08   0x08000b08   0x00000050   Code   RO         4105    i.CAN1_Mode_Init    can.o
    0x08000b58   0x08000b58   0x0000004c   Code   RO         4154    i.CAN1_Receive_Msg  motor_control.o
    0x08000ba4   0x08000ba4   0x00000060   Code   RO         4107    i.CAN_Config        can.o
    0x08000c04   0x08000c04   0x00000002   Code   RO          266    i.DebugMon_Handler  stm32f4xx_it.o
    0x08000c06   0x08000c06   0x00000002   PAD
    0x08000c08   0x08000c08   0x0000002c   Code   RO         4156    i.Error_Handler     motor_control.o
    0x08000c34   0x08000c34   0x00000040   Code   RO         3352    i.FSMC_NORSRAM_Extended_Timing_Init  stm32f4xx_ll_fsmc.o
    0x08000c74   0x08000c74   0x00000054   Code   RO         3353    i.FSMC_NORSRAM_Init  stm32f4xx_ll_fsmc.o
    0x08000cc8   0x08000cc8   0x00000044   Code   RO         3354    i.FSMC_NORSRAM_Timing_Init  stm32f4xx_ll_fsmc.o
    0x08000d0c   0x08000d0c   0x00000024   Code   RO         3471    i.HAL_CAN_ActivateNotification  stm32f4xx_hal_can.o
    0x08000d30   0x08000d30   0x000000c8   Code   RO         3472    i.HAL_CAN_AddTxMessage  stm32f4xx_hal_can.o
    0x08000df8   0x08000df8   0x0000010c   Code   RO         3473    i.HAL_CAN_ConfigFilter  stm32f4xx_hal_can.o
    0x08000f04   0x08000f04   0x00000020   Code   RO         3478    i.HAL_CAN_GetRxFifoFillLevel  stm32f4xx_hal_can.o
    0x08000f24   0x08000f24   0x000000e8   Code   RO         3479    i.HAL_CAN_GetRxMessage  stm32f4xx_hal_can.o
    0x0800100c   0x0800100c   0x0000011a   Code   RO         3484    i.HAL_CAN_Init      stm32f4xx_hal_can.o
    0x08001126   0x08001126   0x00000002   PAD
    0x08001128   0x08001128   0x00000054   Code   RO         4108    i.HAL_CAN_MspInit   can.o
    0x0800117c   0x0800117c   0x00000056   Code   RO         3496    i.HAL_CAN_Start     stm32f4xx_hal_can.o
    0x080011d2   0x080011d2   0x00000024   Code   RO         1811    i.HAL_DMA_Abort_IT  stm32f4xx_hal_dma.o
    0x080011f6   0x080011f6   0x00000002   PAD
    0x080011f8   0x080011f8   0x000001c0   Code   RO          827    i.HAL_GPIO_Init     stm32f4xx_hal_gpio.o
    0x080013b8   0x080013b8   0x0000000a   Code   RO          831    i.HAL_GPIO_WritePin  stm32f4xx_hal_gpio.o
    0x080013c2   0x080013c2   0x00000002   PAD
    0x080013c4   0x080013c4   0x0000000c   Code   RO          518    i.HAL_GetREVID      stm32f4xx_hal.o
    0x080013d0   0x080013d0   0x0000000c   Code   RO          519    i.HAL_GetTick       stm32f4xx_hal.o
    0x080013dc   0x080013dc   0x00000010   Code   RO          525    i.HAL_IncTick       stm32f4xx_hal.o
    0x080013ec   0x080013ec   0x0000002c   Code   RO          526    i.HAL_Init          stm32f4xx_hal.o
    0x08001418   0x08001418   0x00000040   Code   RO          527    i.HAL_InitTick      stm32f4xx_hal.o
    0x08001458   0x08001458   0x00000002   Code   RO          470    i.HAL_MspInit       stm32f4xx_hal_msp.o
    0x0800145a   0x0800145a   0x0000001a   Code   RO          694    i.HAL_NVIC_EnableIRQ  stm32f4xx_hal_cortex.o
    0x08001474   0x08001474   0x00000040   Code   RO          700    i.HAL_NVIC_SetPriority  stm32f4xx_hal_cortex.o
    0x080014b4   0x080014b4   0x00000024   Code   RO          701    i.HAL_NVIC_SetPriorityGrouping  stm32f4xx_hal_cortex.o
    0x080014d8   0x080014d8   0x00000130   Code   RO         1065    i.HAL_RCC_ClockConfig  stm32f4xx_hal_rcc.o
    0x08001608   0x08001608   0x00000020   Code   RO         1072    i.HAL_RCC_GetPCLK1Freq  stm32f4xx_hal_rcc.o
    0x08001628   0x08001628   0x00000020   Code   RO         1073    i.HAL_RCC_GetPCLK2Freq  stm32f4xx_hal_rcc.o
    0x08001648   0x08001648   0x00000060   Code   RO         1074    i.HAL_RCC_GetSysClockFreq  stm32f4xx_hal_rcc.o
    0x080016a8   0x080016a8   0x00000314   Code   RO         1077    i.HAL_RCC_OscConfig  stm32f4xx_hal_rcc.o
    0x080019bc   0x080019bc   0x00000056   Code   RO         3228    i.HAL_SRAM_Init     stm32f4xx_hal_sram.o
    0x08001a12   0x08001a12   0x00000002   PAD
    0x08001a14   0x08001a14   0x000000b8   Code   RO         3860    i.HAL_SRAM_MspInit  lcd.o
    0x08001acc   0x08001acc   0x00000018   Code   RO          703    i.HAL_SYSTICK_CLKSourceConfig  stm32f4xx_hal_cortex.o
    0x08001ae4   0x08001ae4   0x00000028   Code   RO          705    i.HAL_SYSTICK_Config  stm32f4xx_hal_cortex.o
    0x08001b0c   0x08001b0c   0x00000036   Code   RO         1956    i.HAL_TIM_Base_Init  stm32f4xx_hal_tim.o
    0x08001b42   0x08001b42   0x00000002   Code   RO         1958    i.HAL_TIM_Base_MspInit  stm32f4xx_hal_tim.o
    0x08001b44   0x08001b44   0x00000022   Code   RO         1961    i.HAL_TIM_Base_Start_IT  stm32f4xx_hal_tim.o
    0x08001b66   0x08001b66   0x00000002   Code   RO         1241    i.HAL_UART_ErrorCallback  stm32f4xx_hal_uart.o
    0x08001b68   0x08001b68   0x0000000a   Code   RO         1243    i.HAL_UART_GetState  stm32f4xx_hal_uart.o
    0x08001b72   0x08001b72   0x00000002   PAD
    0x08001b74   0x08001b74   0x00000110   Code   RO         1244    i.HAL_UART_IRQHandler  stm32f4xx_hal_uart.o
    0x08001c84   0x08001c84   0x00000062   Code   RO         1245    i.HAL_UART_Init     stm32f4xx_hal_uart.o
    0x08001ce6   0x08001ce6   0x00000002   PAD
    0x08001ce8   0x08001ce8   0x0000007c   Code   RO         3770    i.HAL_UART_MspInit  usart.o
    0x08001d64   0x08001d64   0x00000052   Code   RO         1250    i.HAL_UART_Receive_IT  stm32f4xx_hal_uart.o
    0x08001db6   0x08001db6   0x00000002   PAD
    0x08001db8   0x08001db8   0x00000058   Code   RO         3771    i.HAL_UART_RxCpltCallback  usart.o
    0x08001e10   0x08001e10   0x000000ba   Code   RO         1253    i.HAL_UART_Transmit  stm32f4xx_hal_uart.o
    0x08001eca   0x08001eca   0x00000002   Code   RO         1256    i.HAL_UART_TxCpltCallback  stm32f4xx_hal_uart.o
    0x08001ecc   0x08001ecc   0x00000002   Code   RO          267    i.HardFault_Handler  stm32f4xx_it.o
    0x08001ece   0x08001ece   0x00000002   PAD
    0x08001ed0   0x08001ed0   0x00000060   Code   RO         4074    i.KEY_Init          key.o
    0x08001f30   0x08001f30   0x00000034   Code   RO         3862    i.LCD_Clear         lcd.o
    0x08001f64   0x08001f64   0x000000d8   Code   RO         3866    i.LCD_Display_Dir   lcd.o
    0x0800203c   0x0800203c   0x000023a0   Code   RO         3873    i.LCD_Init          lcd.o
    0x080043dc   0x080043dc   0x00000014   Code   RO         3875    i.LCD_RD_DATA       lcd.o
    0x080043f0   0x080043f0   0x00000050   Code   RO         3878    i.LCD_SSD_BackLightSet  lcd.o
    0x08004440   0x08004440   0x000001b8   Code   RO         3879    i.LCD_Scan_Dir      lcd.o
    0x080045f8   0x080045f8   0x00000104   Code   RO         3880    i.LCD_SetCursor     lcd.o
    0x080046fc   0x080046fc   0x00000018   Code   RO         3886    i.LCD_WR_DATA       lcd.o
    0x08004714   0x08004714   0x00000018   Code   RO         3887    i.LCD_WR_REG        lcd.o
    0x0800472c   0x0800472c   0x00000014   Code   RO         3889    i.LCD_WriteRAM_Prepare  lcd.o
    0x08004740   0x08004740   0x0000000c   Code   RO         3890    i.LCD_WriteReg      lcd.o
    0x0800474c   0x0800474c   0x00000050   Code   RO         3836    i.LED_Init          led.o
    0x0800479c   0x0800479c   0x00000002   Code   RO          268    i.MemManage_Handler  stm32f4xx_it.o
    0x0800479e   0x0800479e   0x00000002   PAD
    0x080047a0   0x080047a0   0x000000f0   Code   RO         4159    i.Motor_Stop        motor_control.o
    0x08004890   0x08004890   0x00000244   Code   RO         4160    i.Motor_open_fanction_uart  motor_control.o
    0x08004ad4   0x08004ad4   0x000000fc   Code   RO         4162    i.Multi_angleControl_2  motor_control.o
    0x08004bd0   0x08004bd0   0x00000002   Code   RO          269    i.NMI_Handler       stm32f4xx_it.o
    0x08004bd2   0x08004bd2   0x00000002   Code   RO          270    i.PendSV_Handler    stm32f4xx_it.o
    0x08004bd4   0x08004bd4   0x000000dc   Code   RO         4165    i.Read_Encoder      motor_control.o
    0x08004cb0   0x08004cb0   0x000000f4   Code   RO         4170    i.Read_PID          motor_control.o
    0x08004da4   0x08004da4   0x00000002   Code   RO          271    i.SVC_Handler       stm32f4xx_it.o
    0x08004da6   0x08004da6   0x00000002   PAD
    0x08004da8   0x08004da8   0x00000094   Code   RO         3743    i.Stm32_Clock_Init  sys.o
    0x08004e3c   0x08004e3c   0x00000004   Code   RO          272    i.SysTick_Handler   stm32f4xx_it.o
    0x08004e40   0x08004e40   0x00000054   Code   RO          344    i.SystemInit        system_stm32f4xx.o
    0x08004e94   0x08004e94   0x00000034   Code   RO         4336    i.TIM4_IRQHandler   usmart.o
    0x08004ec8   0x08004ec8   0x000000c8   Code   RO         2044    i.TIM_Base_SetConfig  stm32f4xx_hal_tim.o
    0x08004f90   0x08004f90   0x00000054   Code   RO         4337    i.Timer4_Init       usmart.o
    0x08004fe4   0x08004fe4   0x00000010   Code   RO         1258    i.UART_DMAAbortOnError  stm32f4xx_hal_uart.o
    0x08004ff4   0x08004ff4   0x0000001c   Code   RO         1268    i.UART_EndRxTransfer  stm32f4xx_hal_uart.o
    0x08005010   0x08005010   0x00000096   Code   RO         1270    i.UART_Receive_IT   stm32f4xx_hal_uart.o
    0x080050a6   0x080050a6   0x00000002   PAD
    0x080050a8   0x080050a8   0x000002ac   Code   RO         1271    i.UART_SetConfig    stm32f4xx_hal_uart.o
    0x08005354   0x08005354   0x00000062   Code   RO         1272    i.UART_Transmit_IT  stm32f4xx_hal_uart.o
    0x080053b6   0x080053b6   0x00000062   Code   RO         1273    i.UART_WaitOnFlagUntilTimeout  stm32f4xx_hal_uart.o
    0x08005418   0x08005418   0x0000002c   Code   RO         3772    i.USART1_IRQHandler  usart.o
    0x08005444   0x08005444   0x00000002   Code   RO          273    i.UsageFault_Handler  stm32f4xx_it.o
    0x08005446   0x08005446   0x00000020   Code   RO          707    i.__NVIC_SetPriority  stm32f4xx_hal_cortex.o
    0x08005466   0x08005466   0x0000000e   Code   RO         4585    i._is_digit         c_w.l(__printf_wp.o)
    0x08005474   0x08005474   0x00000002   Code   RO         3773    i._sys_exit         usart.o
    0x08005476   0x08005476   0x00000002   PAD
    0x08005478   0x08005478   0x00000014   Code   RO         3704    i.delay_init        delay.o
    0x0800548c   0x0800548c   0x0000001a   Code   RO         3705    i.delay_ms          delay.o
    0x080054a6   0x080054a6   0x00000002   PAD
    0x080054a8   0x080054a8   0x00000034   Code   RO         3706    i.delay_us          delay.o
    0x080054dc   0x080054dc   0x00000014   Code   RO         3774    i.fputc             usart.o
    0x080054f0   0x080054f0   0x00000180   Code   RO            4    i.main              main.o
    0x08005670   0x08005670   0x00000004   Code   RO         4338    i.read_addr         usmart.o
    0x08005674   0x08005674   0x000000f8   Code   RO         4179    i.speedControl      motor_control.o
    0x0800576c   0x0800576c   0x00000038   Code   RO         3775    i.uart_init         usart.o
    0x080057a4   0x080057a4   0x00000094   Code   RO         4339    i.usmart_cmd_rec    usmart.o
    0x08005838   0x08005838   0x00000260   Code   RO         4340    i.usmart_exe        usmart.o
    0x08005a98   0x08005a98   0x000000a4   Code   RO         4432    i.usmart_get_aparm  usmart_str.o
    0x08005b3c   0x08005b3c   0x0000002e   Code   RO         4433    i.usmart_get_cmdname  usmart_str.o
    0x08005b6a   0x08005b6a   0x00000002   PAD
    0x08005b6c   0x08005b6c   0x00000168   Code   RO         4434    i.usmart_get_fname  usmart_str.o
    0x08005cd4   0x08005cd4   0x000000d0   Code   RO         4435    i.usmart_get_fparam  usmart_str.o
    0x08005da4   0x08005da4   0x00000024   Code   RO         4436    i.usmart_get_parmpos  usmart_str.o
    0x08005dc8   0x08005dc8   0x00000030   Code   RO         4341    i.usmart_get_runtime  usmart.o
    0x08005df8   0x08005df8   0x00000028   Code   RO         4342    i.usmart_init       usmart.o
    0x08005e20   0x08005e20   0x00000010   Code   RO         4437    i.usmart_pow        usmart_str.o
    0x08005e30   0x08005e30   0x00000028   Code   RO         4343    i.usmart_reset_runtime  usmart.o
    0x08005e58   0x08005e58   0x000000a4   Code   RO         4344    i.usmart_scan       usmart.o
    0x08005efc   0x08005efc   0x00000010   Code   RO         4438    i.usmart_search_nextc  usmart_str.o
    0x08005f0c   0x08005f0c   0x000000d6   Code   RO         4439    i.usmart_str2num    usmart_str.o
    0x08005fe2   0x08005fe2   0x00000018   Code   RO         4440    i.usmart_strcmp     usmart_str.o
    0x08005ffa   0x08005ffa   0x00000012   Code   RO         4441    i.usmart_strcopy    usmart_str.o
    0x0800600c   0x0800600c   0x00000012   Code   RO         4442    i.usmart_strlen     usmart_str.o
    0x0800601e   0x0800601e   0x00000002   PAD
    0x08006020   0x08006020   0x00000680   Code   RO         4345    i.usmart_sys_cmd_exe  usmart.o
    0x080066a0   0x080066a0   0x00000004   Code   RO         4346    i.write_addr        usmart.o
    0x080066a4   0x080066a4   0x0000005a   Code   RO         4614    x$fpl$dfixu         fz_wm.l(dfixu.o)
    0x080066fe   0x080066fe   0x00000026   Code   RO         4618    x$fpl$dfltu         fz_wm.l(dflt_clz.o)
    0x08006724   0x08006724   0x00000154   Code   RO         4624    x$fpl$dmul          fz_wm.l(dmul.o)
    0x08006878   0x08006878   0x0000009c   Code   RO         4643    x$fpl$dnaninf       fz_wm.l(dnaninf.o)
    0x08006914   0x08006914   0x0000000c   Code   RO         4645    x$fpl$dretinf       fz_wm.l(dretinf.o)
    0x08006920   0x08006920   0x0000000a   Code   RO         4756    x$fpl$fpinit        fz_wm.l(fpinit.o)
    0x0800692a   0x0800692a   0x00000000   Code   RO         4647    x$fpl$usenofp       fz_wm.l(usenofp.o)
    0x0800692a   0x0800692a   0x00000010   Data   RO          345    .constdata          system_stm32f4xx.o
    0x0800693a   0x0800693a   0x00000008   Data   RO          346    .constdata          system_stm32f4xx.o
    0x08006942   0x08006942   0x00000028   Data   RO         4558    .constdata          c_w.l(_printf_hex_int.o)
    0x0800696a   0x0800696a   0x00000011   Data   RO         4593    .constdata          c_w.l(__printf_flags_ss_wp.o)
    0x0800697b   0x0800697b   0x00000001   PAD
    0x0800697c   0x0800697c   0x00000189   Data   RO         4181    .conststring        motor_control.o
    0x08006b05   0x08006b05   0x00000003   PAD
    0x08006b08   0x08006b08   0x00000028   Data   RO         4348    .conststring        usmart.o
    0x08006b30   0x08006b30   0x0000006b   Data   RO         4511    .conststring        usmart_config.o
    0x08006b9b   0x08006b9b   0x00000001   PAD
    0x08006b9c   0x08006b9c   0x00000020   Data   RO         4810    Region$$Table       anon$$obj.o


    Execution Region RW_IRAM1 (Exec base: 0x20000000, Load base: 0x08006bbc, Size: 0x000009e0, Max: 0x00020000, ABSOLUTE, COMPRESSED[0x00000058])

    Exec Addr    Load Addr    Size         Type   Attr      Idx    E Section Name        Object

    0x20000000   COMPRESSED   0x00000004   Data   RW          347    .data               system_stm32f4xx.o
    0x20000004   COMPRESSED   0x0000000c   Data   RW          533    .data               stm32f4xx_hal.o
    0x20000010   COMPRESSED   0x00000004   Data   RW         3707    .data               delay.o
    0x20000014   COMPRESSED   0x00000004   Data   RW         3777    .data               usart.o
    0x20000018   COMPRESSED   0x00000004   Data   RW         3778    .data               usart.o
    0x2000001c   COMPRESSED   0x00000014   Data   RW         4182    .data               motor_control.o
    0x20000030   COMPRESSED   0x0000001c   Data   RW         4349    .data               usmart.o
    0x2000004c   COMPRESSED   0x00000020   Data   RW         4512    .data               usmart_config.o
    0x2000006c   COMPRESSED   0x000000f4   Data   RW         4513    .data               usmart_config.o
    0x20000160        -       0x00000108   Zero   RW         3776    .bss                usart.o
    0x20000268        -       0x0000005e   Zero   RW         3892    .bss                lcd.o
    0x200002c6   COMPRESSED   0x00000002   PAD
    0x200002c8        -       0x00000040   Zero   RW         4109    .bss                can.o
    0x20000308        -       0x00000034   Zero   RW         4180    .bss                motor_control.o
    0x2000033c        -       0x00000040   Zero   RW         4347    .bss                usmart.o
    0x2000037c        -       0x00000060   Zero   RW         4688    .bss                c_w.l(libspace.o)
    0x200003dc   COMPRESSED   0x00000004   PAD
    0x200003e0        -       0x00000200   Zero   RW          497    HEAP                startup_stm32f407xx.o
    0x200005e0        -       0x00000400   Zero   RW          496    STACK               startup_stm32f407xx.o


==============================================================================

Image component sizes


      Code (inc. data)   RO Data    RW Data    ZI Data      Debug   Object Name

       260         24          0          0         64       2844   can.o
        98          8          0          4          0       2023   delay.o
        96         14          0          0          0        983   key.o
     10452        112          0          0         94      16189   lcd.o
        80          8          0          0          0        911   led.o
       384        110          0          0          0     716923   main.o
      1904        460        393         20         52       8417   motor_control.o
        64         26        392          0       1536        852   startup_stm32f407xx.o
       148         28          0         12          0       4616   stm32f4xx_hal.o
      1136          6          0          0          0       7060   stm32f4xx_hal_can.o
       222         14          0          0          0      34569   stm32f4xx_hal_cortex.o
        36          0          0          0          0       1255   stm32f4xx_hal_dma.o
       458         46          0          0          0       2600   stm32f4xx_hal_gpio.o
         2          0          0          0          0        462   stm32f4xx_hal_msp.o
      1252         72          0          0          0       5400   stm32f4xx_hal_rcc.o
        86          0          0          0          0       1260   stm32f4xx_hal_sram.o
       290         44          0          0          0       4258   stm32f4xx_hal_tim.o
      1726         14          0          0          0      10735   stm32f4xx_hal_uart.o
        20          0          0          0          0       4166   stm32f4xx_it.o
       216         12          0          0          0       2791   stm32f4xx_ll_fsmc.o
       148         12          0          0          0       1183   sys.o
        84         18         24          4          0       1147   system_stm32f4xx.o
       334         52          0          8        264       5545   usart.o
      2856       1354         40         28         64       8235   usmart.o
         0          0        107        276          0       1560   usmart_config.o
      1120         20          0          0          0       9779   usmart_str.o

    ----------------------------------------------------------------------
     23506       2454        992        352       2076     855763   Object Totals
         0          0         32          0          0          0   (incl. Generated)
        34          0          4          0          2          0   (incl. Padding)

    ----------------------------------------------------------------------

      Code (inc. data)   RO Data    RW Data    ZI Data      Debug   Library Member Name

        90          0          0          0          0          0   __dczerorl2.o
         8          0          0          0          0         68   __main.o
       392          4         17          0          0         92   __printf_flags_ss_wp.o
        14          0          0          0          0         68   __printf_wp.o
         0          0          0          0          0          0   __rtentry.o
        12          0          0          0          0          0   __rtentry2.o
         6          0          0          0          0          0   __rtentry4.o
        52          8          0          0          0          0   __scatter.o
        28          0          0          0          0          0   __scatter_zi.o
         6          0          0          0          0          0   _printf_c.o
        44          0          0          0          0        108   _printf_char.o
        48          6          0          0          0         96   _printf_char_common.o
        36          4          0          0          0         80   _printf_char_file.o
         6          0          0          0          0          0   _printf_d.o
       120         16          0          0          0         92   _printf_dec.o
        88          4         40          0          0         88   _printf_hex_int.o
       178          0          0          0          0         88   _printf_intcommon.o
        10          0          0          0          0          0   _printf_ll.o
         6          0          0          0          0          0   _printf_lld.o
       124         16          0          0          0         92   _printf_longlong_dec.o
        78          0          0          0          0        108   _printf_pad.o
         0          0          0          0          0          0   _printf_percent.o
         4          0          0          0          0          0   _printf_percent_end.o
         6          0          0          0          0          0   _printf_s.o
        82          0          0          0          0         80   _printf_str.o
         6          0          0          0          0          0   _printf_u.o
         6          0          0          0          0          0   _printf_x.o
        18          0          0          0          0         80   exit.o
         8          0          0          0          0         68   ferror.o
         6          0          0          0          0        152   heapauxi.o
         2          0          0          0          0          0   libinit.o
         6          0          0          0          0          0   libinit2.o
         2          0          0          0          0          0   libshutdown.o
         2          0          0          0          0          0   libshutdown2.o
         8          4          0          0         96         68   libspace.o
       138          0          0          0          0         80   lludiv10.o
       238          0          0          0          0        100   lludivv7m.o
        24          4          0          0          0         84   noretval__2printf.o
        68          0          0          0          0         68   rt_memclr.o
        78          0          0          0          0         80   rt_memclr_w.o
       138          0          0          0          0         68   rt_memcpy_v6.o
       100          0          0          0          0         80   rt_memcpy_w.o
         2          0          0          0          0          0   rtexit.o
        10          0          0          0          0          0   rtexit2.o
        74          0          0          0          0         80   sys_stackheap_outer.o
         2          0          0          0          0         68   use_no_semi.o
         2          0          0          0          0         68   use_no_semi_2.o
        90          4          0          0          0        140   dfixu.o
        38          0          0          0          0        116   dflt_clz.o
       340         12          0          0          0        152   dmul.o
       156          4          0          0          0        140   dnaninf.o
        12          0          0          0          0        116   dretinf.o
        10          0          0          0          0        116   fpinit.o
         0          0          0          0          0          0   usenofp.o

    ----------------------------------------------------------------------
      3024         86         58          0        100       2984   Library Totals
         2          0          1          0          4          0   (incl. Padding)

    ----------------------------------------------------------------------

      Code (inc. data)   RO Data    RW Data    ZI Data      Debug   Library Name

      2376         66         57          0         96       2204   c_w.l
       646         20          0          0          0        780   fz_wm.l

    ----------------------------------------------------------------------
      3024         86         58          0        100       2984   Library Totals

    ----------------------------------------------------------------------

==============================================================================


      Code (inc. data)   RO Data    RW Data    ZI Data      Debug   

     26530       2540       1050        352       2176     846403   Grand Totals
     26530       2540       1050         88       2176     846403   ELF Image Totals (compressed)
     26530       2540       1050         88          0          0   ROM Totals

==============================================================================

    Total RO  Size (Code + RO Data)                27580 (  26.93kB)
    Total RW  Size (RW Data + ZI Data)              2528 (   2.47kB)
    Total ROM Size (Code + RO Data + RW Data)      27668 (  27.02kB)

==============================================================================

