<html>
<body>
<pre>
<h1>µVision Build Log</h1>
<h2>Tool Versions:</h2>
IDE-Version: µVision V5.23.0.0
Copyright (C) 2017 ARM Ltd and ARM Germany GmbH. All rights reserved.
License Information: Kenny Li, Ontario Tech University, LIC=MPPLD-88XDB-KPFZY-ISKK3-XNR06-CJAQ7
 
Tool Versions:
Toolchain:       MDK-ARM Plus  Version: 5.23
Toolchain Path:  C:\Keil_v5\ARM\ARMCC\Bin
C Compiler:      Armcc.exe V5.06 update 4 (build 422)
Assembler:       Armasm.exe V5.06 update 4 (build 422)
Linker/Locator:  ArmLink.exe V5.06 update 4 (build 422)
Library Manager: ArmAr.exe V5.06 update 4 (build 422)
Hex Converter:   FromElf.exe V5.06 update 4 (build 422)
CPU DLL:         SARMCM3.DLL V5.23
Dialog DLL:      DCM.DLL V1.15.0.0
Target DLL:      STLink\ST-LINKIII-KEIL_SWO.dll V2.0.18.0
Dialog DLL:      TCM.DLL V1.27.0.0
 
<h2>Project:</h2>
C:\Users\razer\Documents\Manipulator\USER\CAN.uvprojx
Project File Date:  01/30/2023

<h2>Output:</h2>
*** Using Compiler 'V5.06 update 4 (build 422)', folder: 'C:\Keil_v5\ARM\ARMCC\Bin'
Build target 'CAN'
compiling motor_control.c...
..\HARDWARE\CAN\motor_control.h(112): warning:  #1295-D: Deprecated declaration Error_Handler - give arg types
  void Error_Handler();
..\HARDWARE\CAN\motor_control.c(660): warning:  #177-D: variable "RxData"  was declared but never referenced
  	uint8_t RxData[8] = {0};
..\HARDWARE\CAN\motor_control.c(661): warning:  #177-D: variable "Get_Std_id"  was declared but never referenced
    uint8_t Get_Std_id;
..\HARDWARE\CAN\motor_control.c(662): warning:  #177-D: variable "i"  was declared but never referenced
  	uint8_t i=0;
..\HARDWARE\CAN\motor_control.c(1162): warning:  #223-D: function "memcpy" declared implicitly
    memcpy(uart_input.data,buf,size);
..\HARDWARE\CAN\motor_control.c(1198): warning:  #188-D: enumerated type mixed with another type
      outputstate = speedControl(input.data0, input.data1);
..\HARDWARE\CAN\motor_control.c(1206): warning:  #188-D: enumerated type mixed with another type
      Read_PID(input.data0,&uart_get_pid);
..\HARDWARE\CAN\motor_control.c(1218): warning:  #188-D: enumerated type mixed with another type
      Read_Encoder(input.data0,&uart_get_encoder);
..\HARDWARE\CAN\motor_control.c(1226): warning:  #188-D: enumerated type mixed with another type
        Motor_Stop(input.data0);
..\HARDWARE\CAN\motor_control.c(1232): warning:  #188-D: enumerated type mixed with another type
        outputstate = Multi_angleControl_2(input.data0, input.data1, input.data2);
..\HARDWARE\CAN\motor_control.c(1239): warning:  #1-D: last line of file ends without a newline
  }
..\HARDWARE\CAN\motor_control.c(1156): warning:  #177-D: variable "data"  was declared but never referenced
    uint8_t *data,flag;
..\HARDWARE\CAN\motor_control.c(1156): warning:  #177-D: variable "flag"  was declared but never referenced
    uint8_t *data,flag;
..\HARDWARE\CAN\motor_control.c(1157): warning:  #177-D: variable "j"  was declared but never referenced
    uint8_t j=0;
..\HARDWARE\CAN\motor_control.c(1158): warning:  #177-D: variable "i"  was declared but never referenced
    uint8_t i=0;
..\HARDWARE\CAN\motor_control.c: 15 warnings, 0 errors
linking...
Program Size: Code=26630 RO-data=1050 RW-data=352 ZI-data=2176  
FromELF: creating hex file...
"..\OBJ\Template.axf" - 0 Error(s), 15 Warning(s).

<h2>Collection of Component include folders:</h2>
  .\RTE\_CAN
  C:\Users\razer\AppData\Local\Arm\Packs\Keil\STM32F4xx_DFP\2.12.0\Drivers\CMSIS\Device\ST\STM32F4xx\Include

<h2>Collection of Component Files used:</h2>
Build Time Elapsed:  00:00:00
</pre>
</body>
</html>
